Archive member included to satisfy reference by file (symbol)

C:/devkitPro/libctru/lib\libcitro2d.a(base.o)
                              main.o (C2D_Init)
C:/devkitPro/libctru/lib\libcitro2d.a(spritesheet.o)
                              main.o (C2D_SpriteSheetLoad)
C:/devkitPro/libctru/lib\libcitro2d.a(render2d.shbin.o)
                              C:/devkitPro/libctru/lib\libcitro2d.a(base.o) (render2d_shbin)
C:/devkitPro/libctru/lib\libcitro3d.a(attribs.o)
                              C:/devkitPro/libctru/lib\libcitro2d.a(base.o) (AttrInfo_Init)
C:/devkitPro/libctru/lib\libcitro3d.a(base.o)
                              C:/devkitPro/libctru/lib\libcitro3d.a(attribs.o) (__C3D_Context)
C:/devkitPro/libctru/lib\libcitro3d.a(buffers.o)
                              C:/devkitPro/libctru/lib\libcitro2d.a(base.o) (BufInfo_Init)
C:/devkitPro/libctru/lib\libcitro3d.a(drawElements.o)
                              C:/devkitPro/libctru/lib\libcitro2d.a(base.o) (C3D_DrawElements)
C:/devkitPro/libctru/lib\libcitro3d.a(effect.o)
                              C:/devkitPro/libctru/lib\libcitro3d.a(base.o) (C3D_DepthMap)
C:/devkitPro/libctru/lib\libcitro3d.a(framebuffer.o)
                              C:/devkitPro/libctru/lib\libcitro3d.a(base.o) (C3Di_FrameBufBind)
C:/devkitPro/libctru/lib\libcitro3d.a(immediate.o)
                              C:/devkitPro/libctru/lib\libcitro3d.a(base.o) (C3D_ImmSendAttrib)
C:/devkitPro/libctru/lib\libcitro3d.a(proctex.o)
                              C:/devkitPro/libctru/lib\libcitro2d.a(base.o) (C3D_ProcTexInit)
C:/devkitPro/libctru/lib\libcitro3d.a(renderqueue.o)
                              C:/devkitPro/libctru/lib\libcitro3d.a(base.o) (C3Di_RenderQueueEnableVBlank)
C:/devkitPro/libctru/lib\libcitro3d.a(tex3ds.o)
                              C:/devkitPro/libctru/lib\libcitro2d.a(spritesheet.o) (Tex3DS_TextureImport)
C:/devkitPro/libctru/lib\libcitro3d.a(texenv.o)
                              C:/devkitPro/libctru/lib\libcitro2d.a(base.o) (C3D_GetTexEnv)
C:/devkitPro/libctru/lib\libcitro3d.a(texture.o)
                              C:/devkitPro/libctru/lib\libcitro3d.a(tex3ds.o) (C3D_TexInitWithParams)
C:/devkitPro/libctru/lib\libcitro3d.a(uniforms.o)
                              C:/devkitPro/libctru/lib\libcitro3d.a(base.o) (C3D_UpdateUniforms)
C:/devkitPro/libctru/lib\libcitro3d.a(mtx_multiply.o)
                              C:/devkitPro/libctru/lib\libcitro2d.a(base.o) (Mtx_Multiply)
C:/devkitPro/libctru/lib\libcitro3d.a(mtx_ortho.o)
                              C:/devkitPro/libctru/lib\libcitro2d.a(base.o) (Mtx_Ortho)
C:/devkitPro/libctru/lib\libcitro3d.a(mtx_orthotilt.o)
                              C:/devkitPro/libctru/lib\libcitro2d.a(base.o) (Mtx_OrthoTilt)
C:/devkitPro/libctru/lib\libcitro3d.a(mtx_rotatez.o)
                              C:/devkitPro/libctru/lib\libcitro2d.a(base.o) (Mtx_RotateZ)
C:/devkitPro/libctru/lib\libcitro3d.a(mtx_scale.o)
                              C:/devkitPro/libctru/lib\libcitro2d.a(base.o) (Mtx_Scale)
C:/devkitPro/libctru/lib\libcitro3d.a(mtx_translate.o)
                              C:/devkitPro/libctru/lib\libcitro2d.a(base.o) (Mtx_Translate)
C:/devkitPro/libctru/lib\libctru.a(linear.o)
                              C:/devkitPro/libctru/lib\libcitro2d.a(base.o) (linearAlloc)
C:/devkitPro/libctru/lib\libctru.a(mem_pool.o)
                              C:/devkitPro/libctru/lib\libctru.a(linear.o) (MemPool::Allocate(MemChunk&, unsigned long, int))
C:/devkitPro/libctru/lib\libctru.a(vram.o)
                              C:/devkitPro/libctru/lib\libcitro3d.a(renderqueue.o) (vramAlloc)
C:/devkitPro/libctru/lib\libctru.a(console.o)
                              main.o (consoleInit)
C:/devkitPro/libctru/lib\libctru.a(gfx.o)
                              C:/devkitPro/libctru/lib\libcitro2d.a(base.o) (gfxIsWide)
C:/devkitPro/libctru/lib\libctru.a(os.o)
                              C:/devkitPro/libctru/lib\libcitro3d.a(buffers.o) (osConvertVirtToPhys)
C:/devkitPro/libctru/lib\libctru.a(romfs_dev.o)
                              main.o (romfsMountSelf)
C:/devkitPro/libctru/lib\libctru.a(gpu.o)
                              C:/devkitPro/libctru/lib\libcitro3d.a(base.o) (gpuCmdBufOffset)
C:/devkitPro/libctru/lib\libctru.a(gx.o)
                              C:/devkitPro/libctru/lib\libcitro3d.a(renderqueue.o) (GX_BindQueue)
C:/devkitPro/libctru/lib\libctru.a(gxqueue.o)
                              C:/devkitPro/libctru/lib\libcitro3d.a(renderqueue.o) (gxCmdQueueClear)
C:/devkitPro/libctru/lib\libctru.a(shaderProgram.o)
                              C:/devkitPro/libctru/lib\libcitro2d.a(base.o) (shaderInstanceGetUniformLocation)
C:/devkitPro/libctru/lib\libctru.a(shbin.o)
                              C:/devkitPro/libctru/lib\libcitro2d.a(base.o) (DVLB_ParseFile)
C:/devkitPro/libctru/lib\libctru.a(apt.o)
                              C:/devkitPro/libctru/lib\libcitro3d.a(base.o) (aptHook)
C:/devkitPro/libctru/lib\libctru.a(csnd.o)
[...]
Memory Configuration

Name             Origin             Length             Attributes
*default*        0x00000000         0xffffffff

Linker script and memory map

                0x00000000                        __sync_synchronize = __sync_synchronize_dmb
                0x00100000                        PROVIDE (__start__ = 0x100000)
                0x00100000                        . = __start__

.text           0x00100000    0x25c0c
 *(.crt0)
 .crt0          0x00100000       0x94 C:/devkitPro/devkitARM/bin/../lib/gcc/arm-none-eabi/14.2.0/../../../../arm-none-eabi/lib/armv6k/fpu/3dsx_crt0.o
                0x00100000                _start
                0x00100008                __service_ptr
                0x0010000c                __apt_appid
                0x00100010                __heap_size
                0x00100014                __linear_heap_size
                0x00100018                __system_arglist
                0x0010001c                __system_runflags
 *(.init)
 .init          0x00100094        0xc C:/devkitPro/devkitARM/bin/../lib/gcc/arm-none-eabi/14.2.0/armv6k/fpu/crti.o
                0x00100094                _init
 .init          0x001000a0        0xc C:/devkitPro/devkitARM/bin/../lib/gcc/arm-none-eabi/14.2.0/armv6k/fpu/crtn.o
                0x001000ac                        . = ALIGN (0x4)
 *(.text)
 .text          0x001000ac      0x20c C:/devkitPro/devkitARM/bin/../lib/gcc/arm-none-eabi/14.2.0/armv6k/fpu\libgcc.a(_udivsi3.o)
                0x001000ac                __aeabi_uidiv
                0x001000ac                __udivsi3
                0x00100298                __aeabi_uidivmod
 .text          0x001002b8      0x240 C:/devkitPro/devkitARM/bin/../lib/gcc/arm-none-eabi/14.2.0/armv6k/fpu\libgcc.a(_divsi3.o)
                0x001002b8                __divsi3
                0x001002b8                __aeabi_idiv
                0x001004d8                __aeabi_idivmod
 .text          0x001004f8        0x4 C:/devkitPro/devkitARM/bin/../lib/gcc/arm-none-eabi/14.2.0/armv6k/fpu\libgcc.a(_dvmd_tls.o)
                0x001004f8                __aeabi_idiv0
                0x001004f8                __aeabi_ldiv0
 .text          0x001004fc      0x3c0 C:/devkitPro/devkitARM/bin/../lib/gcc/arm-none-eabi/14.2.0/armv6k/fpu\libgcc.a(_arm_addsubdf3.o)
                0x001004fc                __aeabi_drsub
                0x00100504                __aeabi_dsub
                0x00100504                __subdf3
                0x00100508                __aeabi_dadd
                0x00100508                __adddf3
                0x001007b4                __floatunsidf
                0x001007b4                __aeabi_ui2d
                0x001007d8                __floatsidf
                0x001007d8                __aeabi_i2d
                0x00100800                __aeabi_f2d
                0x00100800                __extendsfdf2
                0x00100848                __floatundidf
                0x00100848                __aeabi_ul2d
                0x0010085c                __floatdidf
                0x0010085c                __aeabi_l2d
 .text          0x001008bc       0xd4 C:/devkitPro/devkitARM/bin/../lib/gcc/arm-none-eabi/14.2.0/armv6k/fpu\libgcc.a(_aeabi_ldivmod.o)
                0x001008bc                __aeabi_ldivmod
 .text          0x00100990       0x3c C:/devkitPro/devkitARM/bin/../lib/gcc/arm-none-eabi/14.2.0/armv6k/fpu\libgcc.a(_aeabi_uldivmod.o)
                0x00100990                __aeabi_uldivmod
 *fill*         0x001009cc       0x14 
 .text          0x001009e0      0x390 C:/devkitPro/devkitARM/bin/../lib/gcc/arm-none-eabi/14.2.0/../../../../arm-none-eabi/lib/armv6k/fpu\libg.a(libc_a-strcmp.o)
                0x001009e8                strcmp
 *(.text.*)
 .text.__do_global_dtors_aux
                0x00100d70       0x40 C:/devkitPro/devkitARM/bin/../lib/gcc/arm-none-eabi/14.2.0/armv6k/fpu/crtbegin.o
 .text.frame_dummy
                0x00100db0       0x2c C:/devkitPro/devkitARM/bin/../lib/gcc/arm-none-eabi/14.2.0/armv6k/fpu/crtbegin.o
 .text.handleOperationPress.part.0
                0x00100ddc       0x70 main.o
 .text.handleEqualPress
                0x00100e4c       0xc0 main.o
                0x00100e4c                handleEqualPress
 .text.handleUndoPress
                0x00100f0c      0x114 main.o
                0x00100f0c                handleUndoPress
 .text.loadButtonImages
                0x00101020       0xc8 main.o
                0x00101020                loadButtonImages
 .text.drawBottomScreen
                0x001010e8      0x12c main.o
                0x001010e8                drawBottomScreen
 .text.handleOptionButtonPress
                0x00101214      0x478 main.o
                0x00101214                handleOptionButtonPress
 .text.handleButtonPress
                0x0010168c       0xdc main.o
                0x0010168c                handleButtonPress
 .text.handleTouchRelease
                0x00101768       0x80 main.o
                0x00101768                handleTouchRelease
 .text.initialize
                0x001017e8       0xb0 main.o
                0x001017e8                initialize
 .text.cleanUp  0x00101898       0x4c main.o
                0x00101898                cleanUp
 .text.startup.main
                0x001018e4       0xd8 main.o
                0x001018e4                main
 .text.C2Di_FrameEndHook
                0x001019bc       0x44 C:/devkitPro/libctru/lib\libcitro2d.a(base.o)
 .text.C2D_Init
                0x00101a00      0x36c C:/devkitPro/libctru/lib\libcitro2d.a(base.o)
                0x00101a00                C2D_Init
 .text.C2D_Fini
                0x00101d6c       0x4c C:/devkitPro/libctru/lib\libcitro2d.a(base.o)
                0x00101d6c                C2D_Fini
 .text.C2D_Prepare
                0x00101db8       0xb8 C:/devkitPro/libctru/lib\libcitro2d.a(base.o)
                0x00101db8                C2D_Prepare
 .text.C2D_Flush
                0x00101e70       0x48 C:/devkitPro/libctru/lib\libcitro2d.a(base.o)
                0x00101e70                C2D_Flush
 .text.C2D_SceneSize
                0x00101eb8      0x104 C:/devkitPro/libctru/lib\libcitro2d.a(base.o)
                0x00101eb8                C2D_SceneSize
 .text.C2D_CreateScreenTarget
                0x00101fbc       0x58 C:/devkitPro/libctru/lib\libcitro2d.a(base.o)
                0x00101fbc                C2D_CreateScreenTarget
 .text.C2D_TargetClear
                0x00102014       0x64 C:/devkitPro/libctru/lib\libcitro2d.a(base.o)
                0x00102014                C2D_TargetClear
 .text.C2Di_CalcQuad
                0x00102078      0x13c C:/devkitPro/libctru/lib\libcitro2d.a(base.o)
                0x00102078                C2Di_CalcQuad
 .text.C2Di_AppendQuad
                0x001021b4       0x58 C:/devkitPro/libctru/lib\libcitro2d.a(base.o)
                0x001021b4                C2Di_AppendQuad
 .text.C2Di_Update
                0x0010220c      0x550 C:/devkitPro/libctru/lib\libcitro2d.a(base.o)
                0x0010220c                C2Di_Update
 .text.C2D_DrawImage
                0x0010275c      0x2b0 C:/devkitPro/libctru/lib\libcitro2d.a(base.o)
                0x0010275c                C2D_DrawImage
 .text.C2D_DrawRectangle
                0x00102a0c      0x158 C:/devkitPro/libctru/lib\libcitro2d.a(base.o)
                0x00102a0c                C2D_DrawRectangle
 .text.C2D_SpriteSheetLoadFromHandle
                0x00102b64       0x6c C:/devkitPro/libctru/lib\libcitro2d.a(spritesheet.o)
                0x00102b64                C2D_SpriteSheetLoadFromHandle
 .text.C2D_SpriteSheetLoad
                0x00102bd0       0x48 C:/devkitPro/libctru/lib\libcitro2d.a(spritesheet.o)
                0x00102bd0                C2D_SpriteSheetLoad
 .text.C2D_SpriteSheetFree
                0x00102c18       0x28 C:/devkitPro/libctru/lib\libcitro2d.a(spritesheet.o)
                0x00102c18                C2D_SpriteSheetFree
 .text.C2D_SpriteSheetGetImage
                0x00102c40       0x2c C:/devkitPro/libctru/lib\libcitro2d.a(spritesheet.o)
                0x00102c40                C2D_SpriteSheetGetImage
 .text.AttrInfo_Init
                0x00102c6c       0x28 C:/devkitPro/libctru/lib\libcitro3d.a(attribs.o)
                0x00102c6c                AttrInfo_Init
 .text.AttrInfo_AddLoader
                0x00102c94       0x94 C:/devkitPro/libctru/lib\libcitro3d.a(attribs.o)
                0x00102c94                AttrInfo_AddLoader
 .text.C3D_SetAttrInfo
                0x00102d28       0x54 C:/devkitPro/libctru/lib\libcitro3d.a(attribs.o)
                0x00102d28                C3D_SetAttrInfo
 .text.C3Di_AttrInfoBind
                0x00102d7c       0x80 C:/devkitPro/libctru/lib\libcitro3d.a(attribs.o)
                0x00102d7c                C3Di_AttrInfoBind
 .text.C3Di_LightEnvUpdate
                0x00102dfc        0x4 C:/devkitPro/libctru/lib\libcitro3d.a(base.o)
                0x00102dfc                C3Di_LightEnvUpdate
 .text.C3Di_LightEnvDirty
                0x00102e00        0x4 C:/devkitPro/libctru/lib\libcitro3d.a(base.o)
                0x00102e00                C3Di_LightEnvDirty
 .text.C3Di_AptEventHook
                0x00102e04       0xb4 C:/devkitPro/libctru/lib\libcitro3d.a(base.o)
 .text.C3Di_GasUpdate
                0x00102eb8        0x4 C:/devkitPro/libctru/lib\libcitro3d.a(base.o)
                0x00102eb8                C3Di_GasUpdate
 .text.C3D_Init
                0x00102ebc      0x1d0 C:/devkitPro/libctru/lib\libcitro3d.a(base.o)
                0x00102ebc                C3D_Init
 .text.C3D_SetViewport
                0x0010308c       0x98 C:/devkitPro/libctru/lib\libcitro3d.a(base.o)
                0x0010308c                C3D_SetViewport
 .text.C3Di_UpdateContext
                0x00103124      0x4e8 C:/devkitPro/libctru/lib\libcitro3d.a(base.o)
                0x00103124                C3Di_UpdateContext
 .text.C3Di_SplitFrame
                0x0010360c       0xe0 C:/devkitPro/libctru/lib\libcitro3d.a(base.o)
                0x0010360c                C3Di_SplitFrame
 .text.C3D_Fini
                0x001036ec       0x44 C:/devkitPro/libctru/lib\libcitro3d.a(base.o)
                0x001036ec                C3D_Fini
 .text.C3D_BindProgram
                0x00103730      0x194 C:/devkitPro/libctru/lib\libcitro3d.a(base.o)
                0x00103730                C3D_BindProgram
 .text.BufInfo_Init
                0x001038c4       0x24 C:/devkitPro/libctru/lib\libcitro3d.a(buffers.o)
                0x001038c4                BufInfo_Init
 .text.BufInfo_Add
                0x001038e8       0x80 C:/devkitPro/libctru/lib\libcitro3d.a(buffers.o)
                0x001038e8                BufInfo_Add
 .text.C3D_SetBufInfo
                0x00103968       0x3c C:/devkitPro/libctru/lib\libcitro3d.a(buffers.o)
                0x00103968                C3D_SetBufInfo
 .text.C3Di_BufInfoBind
                0x001039a4       0x48 C:/devkitPro/libctru/lib\libcitro3d.a(buffers.o)
                0x001039a4                C3Di_BufInfoBind
 .text.C3D_DrawElements
                0x001039ec      0x21c C:/devkitPro/libctru/lib\libcitro3d.a(drawElements.o)
                0x001039ec                C3D_DrawElements
 .text.C3D_DepthMap
                0x00103c08       0x40 C:/devkitPro/libctru/lib\libcitro3d.a(effect.o)
                0x00103c08                C3D_DepthMap
 .text.C3D_CullFace
                0x00103c48       0x1c C:/devkitPro/libctru/lib\libcitro3d.a(effect.o)
                0x00103c48                C3D_CullFace
 .text.C3D_StencilTest
                0x00103c64       0x40 C:/devkitPro/libctru/lib\libcitro3d.a(effect.o)
                0x00103c64                C3D_StencilTest
 .text.C3D_StencilOp
                0x00103ca4       0x24 C:/devkitPro/libctru/lib\libcitro3d.a(effect.o)
                0x00103ca4                C3D_StencilOp
 .text.C3D_BlendingColor
                0x00103cc8       0x1c C:/devkitPro/libctru/lib\libcitro3d.a(effect.o)
                0x00103cc8                C3D_BlendingColor
 .text.C3D_EarlyDepthTest
                0x00103ce4       0x24 C:/devkitPro/libctru/lib\libcitro3d.a(effect.o)
                0x00103ce4                C3D_EarlyDepthTest
 .text.C3D_DepthTest
                0x00103d08       0x2c C:/devkitPro/libctru/lib\libcitro3d.a(effect.o)
                0x00103d08                C3D_DepthTest
 .text.C3D_AlphaTest
                0x00103d34       0x2c C:/devkitPro/libctru/lib\libcitro3d.a(effect.o)
                0x00103d34                C3D_AlphaTest
 .text.C3D_AlphaBlend
                0x00103d60       0x50 C:/devkitPro/libctru/lib\libcitro3d.a(effect.o)
                0x00103d60                C3D_AlphaBlend
 .text.C3D_FragOpMode
                0x00103db0       0x30 C:/devkitPro/libctru/lib\libcitro3d.a(effect.o)
                0x00103db0                C3D_FragOpMode
 .text.C3D_FragOpShadow
                0x00103de0       0x44 C:/devkitPro/libctru/lib\libcitro3d.a(effect.o)
                0x00103de0                C3D_FragOpShadow
 .text.C3Di_EffectBind
                0x00103e24      0x1ac C:/devkitPro/libctru/lib\libcitro3d.a(effect.o)
                0x00103e24                C3Di_EffectBind
 .text.C3D_CalcColorBufSize
                0x00103fd0       0x1c C:/devkitPro/libctru/lib\libcitro3d.a(framebuffer.o)
                0x00103fd0                C3D_CalcColorBufSize
 .text.C3D_CalcDepthBufSize
                0x00103fec       0x1c C:/devkitPro/libctru/lib\libcitro3d.a(framebuffer.o)
                0x00103fec                C3D_CalcDepthBufSize
 .text.C3D_SetFrameBuf
                0x00104008       0x44 C:/devkitPro/libctru/lib\libcitro3d.a(framebuffer.o)
                0x00104008                C3D_SetFrameBuf
 .text.C3Di_FrameBufBind
                0x0010404c      0x16c C:/devkitPro/libctru/lib\libcitro3d.a(framebuffer.o)
                0x0010404c                C3Di_FrameBufBind
 .text.C3D_FrameBufClear
                0x001041b8       0xc8 C:/devkitPro/libctru/lib\libcitro3d.a(framebuffer.o)
                0x001041b8                C3D_FrameBufClear
 .text.C3D_FrameBufTransfer
                0x00104280       0x44 C:/devkitPro/libctru/lib\libcitro3d.a(framebuffer.o)
                0x00104280                C3D_FrameBufTransfer
 .text.C3D_ImmSendAttrib
                0x001042c4       0xa8 C:/devkitPro/libctru/lib\libcitro3d.a(immediate.o)
                0x001042c4                C3D_ImmSendAttrib
 .text.C3D_ProcTexInit
                0x0010436c       0x70 C:/devkitPro/libctru/lib\libcitro3d.a(proctex.o)
                0x0010436c                C3D_ProcTexInit
 .text.C3D_ProcTexBind
                0x001043dc       0x54 C:/devkitPro/libctru/lib\libcitro3d.a(proctex.o)
                0x001043dc                C3D_ProcTexBind
 .text.C3D_ProcTexLutBind
                0x00104430       0x5c C:/devkitPro/libctru/lib\libcitro3d.a(proctex.o)
                0x00104430                C3D_ProcTexLutBind
 .text.ProcTexLut_FromArray
                0x0010448c       0xa4 C:/devkitPro/libctru/lib\libcitro3d.a(proctex.o)
                0x0010448c                ProcTexLut_FromArray
 .text.C3Di_ProcTexUpdate
                0x00104530      0x178 C:/devkitPro/libctru/lib\libcitro3d.a(proctex.o)
                0x00104530                C3Di_ProcTexUpdate
 .text.C3Di_ProcTexDirty
                0x001046a8       0x68 C:/devkitPro/libctru/lib\libcitro3d.a(proctex.o)
                0x001046a8                C3Di_ProcTexDirty
 .text.onVBlank0
                0x00104710       0x4c C:/devkitPro/libctru/lib\libcitro3d.a(renderqueue.o)
 .text.onVBlank1
                0x0010475c       0x4c C:/devkitPro/libctru/lib\libcitro3d.a(renderqueue.o)
 .text.C3Di_RenderTargetDestroy
                0x001047a8       0x80 C:/devkitPro/libctru/lib\libcitro3d.a(renderqueue.o)
 .text.onQueueFinish
                0x00104828       0xf4 C:/devkitPro/libctru/lib\libcitro3d.a(renderqueue.o)
 .text.C3Di_RenderQueueEnableVBlank
                0x0010491c       0x38 C:/devkitPro/libctru/lib\libcitro3d.a(renderqueue.o)
                0x0010491c                C3Di_RenderQueueEnableVBlank
 .text.C3Di_RenderQueueDisableVBlank
                0x00104954       0x30 C:/devkitPro/libctru/lib\libcitro3d.a(renderqueue.o)
                0x00104954                C3Di_RenderQueueDisableVBlank
 .text.C3Di_RenderQueueInit
                0x00104984       0x60 C:/devkitPro/libctru/lib\libcitro3d.a(renderqueue.o)
                0x00104984                C3Di_RenderQueueInit
 .text.C3Di_RenderQueueExit
                0x001049e4       0xb4 C:/devkitPro/libctru/lib\libcitro3d.a(renderqueue.o)
                0x001049e4                C3Di_RenderQueueExit
 .text.C3Di_RenderQueueWaitDone
                0x00104a98       0x34 C:/devkitPro/libctru/lib\libcitro3d.a(renderqueue.o)
                0x00104a98                C3Di_RenderQueueWaitDone
 .text.C3D_FrameBegin
                0x00104acc       0xe8 C:/devkitPro/libctru/lib\libcitro3d.a(renderqueue.o)
                0x00104acc                C3D_FrameBegin
 .text.C3D_FrameDrawOn
                0x00104bb4       0x48 C:/devkitPro/libctru/lib\libcitro3d.a(renderqueue.o)
                0x00104bb4                C3D_FrameDrawOn
 .text.C3D_FrameSplit
                0x00104bfc       0x58 C:/devkitPro/libctru/lib\libcitro3d.a(renderqueue.o)
                0x00104bfc                C3D_FrameSplit
 .text.C3D_FrameEnd
                0x00104c54      0x1d0 C:/devkitPro/libctru/lib\libcitro3d.a(renderqueue.o)
                0x00104c54                C3D_FrameEnd
 .text.C3D_FrameEndHook
                0x00104e24       0x1c C:/devkitPro/libctru/lib\libcitro3d.a(renderqueue.o)
                0x00104e24                C3D_FrameEndHook
 .text.C3D_RenderTargetCreate
                0x00104e40      0x170 C:/devkitPro/libctru/lib\libcitro3d.a(renderqueue.o)
                0x00104e40                C3D_RenderTargetCreate
 .text.C3D_RenderTargetSetOutput
                0x00104fb0       0xa8 C:/devkitPro/libctru/lib\libcitro3d.a(renderqueue.o)
                0x00104fb0                C3D_RenderTargetSetOutput
 .text.C3D_SyncTextureCopy
                0x00105058       0xfc C:/devkitPro/libctru/lib\libcitro3d.a(renderqueue.o)
                0x00105058                C3D_SyncTextureCopy
 .text.Tex3DSi_ImportCommon
                0x00105154      0x3d8 C:/devkitPro/libctru/lib\libcitro3d.a(tex3ds.o)
 .text.Tex3DS_TextureImportStdio
                0x0010552c       0x38 C:/devkitPro/libctru/lib\libcitro3d.a(tex3ds.o)
                0x0010552c                Tex3DS_TextureImportStdio
 .text.Tex3DS_GetSubTexture
                0x00105564       0x1c C:/devkitPro/libctru/lib\libcitro3d.a(tex3ds.o)
                0x00105564                Tex3DS_GetSubTexture
 .text.Tex3DS_TextureFree
                0x00105580        0x4 C:/devkitPro/libctru/lib\libcitro3d.a(tex3ds.o)
                0x00105580                Tex3DS_TextureFree
 .text.C3D_GetTexEnv
                0x00105584       0x34 C:/devkitPro/libctru/lib\libcitro3d.a(texenv.o)
                0x00105584                C3D_GetTexEnv
 .text.C3Di_TexEnvBind
                0x001055b8       0x24 C:/devkitPro/libctru/lib\libcitro3d.a(texenv.o)
                0x001055b8                C3Di_TexEnvBind
 .text.C3D_TexInitWithParams
                0x001055dc      0x290 C:/devkitPro/libctru/lib\libcitro3d.a(texture.o)
                0x001055dc                C3D_TexInitWithParams
 .text.C3D_TexLoadImage
                0x0010586c       0xc8 C:/devkitPro/libctru/lib\libcitro3d.a(texture.o)
                0x0010586c                C3D_TexLoadImage
 .text.C3D_TexBind
                0x00105934       0x44 C:/devkitPro/libctru/lib\libcitro3d.a(texture.o)
                0x00105934                C3D_TexBind
 .text.C3D_TexDelete
                0x00105978       0x74 C:/devkitPro/libctru/lib\libcitro3d.a(texture.o)
                0x00105978                C3D_TexDelete
 .text.C3Di_SetTex
                0x001059ec      0x14c C:/devkitPro/libctru/lib\libcitro3d.a(texture.o)
                0x001059ec                C3Di_SetTex
 .text.C3D_UpdateUniforms
                0x00105b38      0x290 C:/devkitPro/libctru/lib\libcitro3d.a(uniforms.o)
                0x00105b38                C3D_UpdateUniforms
 .text.C3Di_DirtyUniforms
                0x00105dc8       0xc0 C:/devkitPro/libctru/lib\libcitro3d.a(uniforms.o)
                0x00105dc8                C3Di_DirtyUniforms
 .text.C3Di_LoadShaderUniforms
                0x00105e88       0xd8 C:/devkitPro/libctru/lib\libcitro3d.a(uniforms.o)
                0x00105e88                C3Di_LoadShaderUniforms
 .text.C3Di_ClearShaderUniforms
                0x00105f60       0x28 C:/devkitPro/libctru/lib\libcitro3d.a(uniforms.o)
                0x00105f60                C3Di_ClearShaderUniforms
 .text.Mtx_Ortho
                0x00105f88       0xcc C:/devkitPro/libctru/lib\libcitro3d.a(mtx_ortho.o)
                0x00105f88                Mtx_Ortho
 .text.Mtx_OrthoTilt
                0x00106054       0xcc C:/devkitPro/libctru/lib\libcitro3d.a(mtx_orthotilt.o)
                0x00106054                Mtx_OrthoTilt
 .text._ZL21addrMapNodeComparatorPK11rbtree_nodeS1_
                0x00106120       0x24 C:/devkitPro/libctru/lib\libctru.a(linear.o)
 .text._ZL21addrMapNodeDestructorP11rbtree_node
                0x00106144        0x4 C:/devkitPro/libctru/lib\libctru.a(linear.o)
 .text.linearMemAlign
                0x00106148      0x120 C:/devkitPro/libctru/lib\libctru.a(linear.o)
                0x00106148                linearMemAlign
 .text.linearAlloc
                0x00106268        0x8 C:/devkitPro/libctru/lib\libctru.a(linear.o)
                0x00106268                linearAlloc
 .text.linearFree
                0x00106270       0x5c C:/devkitPro/libctru/lib\libctru.a(linear.o)
                0x00106270                linearFree
 .text._ZN7MemPool13CoalesceRightEP8MemBlock
                0x001062cc       0x84 C:/devkitPro/libctru/lib\libctru.a(mem_pool.o)
                0x001062cc                MemPool::CoalesceRight(MemBlock*)
 .text._ZN7MemPool8AllocateER8MemChunkmi
                0x00106350      0x150 C:/devkitPro/libctru/lib\libctru.a(mem_pool.o)
                0x00106350                MemPool::Allocate(MemChunk&, unsigned long, int)
 .text._ZN7MemPool10DeallocateERK8MemChunk
                0x001064a0       0xfc C:/devkitPro/libctru/lib\libctru.a(mem_pool.o)
                0x001064a0                MemPool::Deallocate(MemChunk const&)
 .text._ZN7MemPool12GetFreeSpaceEv
                0x0010659c       0x30 C:/devkitPro/libctru/lib\libctru.a(mem_pool.o)
                0x0010659c                MemPool::GetFreeSpace()
 .text._ZL21addrMapNodeComparatorPK11rbtree_nodeS1_
                0x001065cc       0x24 C:/devkitPro/libctru/lib\libctru.a(vram.o)
 .text._ZL21addrMapNodeDestructorP11rbtree_node
                0x001065f0        0x4 C:/devkitPro/libctru/lib\libctru.a(vram.o)
 .text.vramMemAlignAt
                0x001065f4      0x244 C:/devkitPro/libctru/lib\libctru.a(vram.o)
                0x001065f4                vramMemAlignAt
 .text.vramAlloc
                0x00106838        0xc C:/devkitPro/libctru/lib\libctru.a(vram.o)
                0x00106838                vramAlloc
 .text.vramAllocAt
                0x00106844        0xc C:/devkitPro/libctru/lib\libctru.a(vram.o)
                0x00106844                vramAllocAt
 .text.vramFree
                0x00106850       0x90 C:/devkitPro/libctru/lib\libctru.a(vram.o)
                0x00106850                vramFree
 .text.consoleHandleColorEsc
                0x001068e0      0x45c C:/devkitPro/libctru/lib\libctru.a(console.o)
 .text.consoleColorStateShift
                0x00106d3c       0xb8 C:/devkitPro/libctru/lib\libctru.a(console.o)
 .text.consoleDrawChar
                0x00106df4      0x1ac C:/devkitPro/libctru/lib\libctru.a(console.o)
                0x00106df4                consoleDrawChar
 .text.consolePrintChar
                0x00106fa0      0x11c C:/devkitPro/libctru/lib\libctru.a(console.o)
                0x00106fa0                consolePrintChar
 .text.con_write
                0x001070bc      0x5ec C:/devkitPro/libctru/lib\libctru.a(console.o)
                0x001070bc                con_write
 .text.newRow   0x001076a8      0x124 C:/devkitPro/libctru/lib\libctru.a(console.o)
 .text.consoleInit
                0x001077cc      0x18c C:/devkitPro/libctru/lib\libctru.a(console.o)
                0x001077cc                consoleInit
 .text.consoleClear
                0x00107958       0xb8 C:/devkitPro/libctru/lib\libctru.a(console.o)
                0x00107958                consoleClear
 .text.gfxPresentFramebuffer
                0x00107a10       0xd0 C:/devkitPro/libctru/lib\libctru.a(gfx.o)
 .text.gfxIsWide
                0x00107ae0       0x1c C:/devkitPro/libctru/lib\libctru.a(gfx.o)
                0x00107ae0                gfxIsWide
 .text.gfxSetScreenFormat
                0x00107afc       0xec C:/devkitPro/libctru/lib\libctru.a(gfx.o)
                0x00107afc                gfxSetScreenFormat
 .text.gfxSetDoubleBuffering
                0x00107be8       0x10 C:/devkitPro/libctru/lib\libctru.a(gfx.o)
                0x00107be8                gfxSetDoubleBuffering
 .text.gfxInit  0x00107bf8       0xd8 C:/devkitPro/libctru/lib\libctru.a(gfx.o)
                0x00107bf8                gfxInit
 .text.gfxInitDefault
                0x00107cd0       0x10 C:/devkitPro/libctru/lib\libctru.a(gfx.o)
                0x00107cd0                gfxInitDefault
 .text.gfxExit  0x00107ce0       0xb4 C:/devkitPro/libctru/lib\libctru.a(gfx.o)
                0x00107ce0                gfxExit
 .text.gfxGetFramebuffer
                0x00107d94       0xa0 C:/devkitPro/libctru/lib\libctru.a(gfx.o)
                0x00107d94                gfxGetFramebuffer
 .text.gfxFlushBuffers
                0x00107e34      0x100 C:/devkitPro/libctru/lib\libctru.a(gfx.o)
                0x00107e34                gfxFlushBuffers
 .text.gfxScreenSwapBuffers
                0x00107f34       0x30 C:/devkitPro/libctru/lib\libctru.a(gfx.o)
                0x00107f34                gfxScreenSwapBuffers
 .text.gfxSwapBuffersGpu
                0x00107f64       0x50 C:/devkitPro/libctru/lib\libctru.a(gfx.o)
                0x00107f64                gfxSwapBuffersGpu
 .text.osConvertVirtToPhys
                0x00107fb4       0x74 C:/devkitPro/libctru/lib\libctru.a(os.o)
                0x00107fb4                osConvertVirtToPhys
 .text.osGetTimeRef
                0x00108028       0x54 C:/devkitPro/libctru/lib\libctru.a(os.o)
                0x00108028                osGetTimeRef
 .text.osGetTime
                0x0010807c       0xec C:/devkitPro/libctru/lib\libctru.a(os.o)
                0x0010807c                osGetTime
 .text.__ctru_speedup_config
                0x00108168       0x34 C:/devkitPro/libctru/lib\libctru.a(os.o)
                0x00108168                __ctru_speedup_config
 .text.romfs_close
                0x0010819c        0x8 C:/devkitPro/libctru/lib\libctru.a(romfs_dev.o)
 .text.romfs_seek
                0x001081a4       0xc4 C:/devkitPro/libctru/lib\libctru.a(romfs_dev.o)
 .text.romfs_dirreset
                0x00108268       0x24 C:/devkitPro/libctru/lib\libctru.a(romfs_dev.o)
 .text.fill_dir
                0x0010828c       0xc8 C:/devkitPro/libctru/lib\libctru.a(romfs_dev.o)
 .text.romfs_dirnext
                0x00108354      0x2a8 C:/devkitPro/libctru/lib\libctru.a(romfs_dev.o)
 .text.romfs_free
                0x001085fc       0x74 C:/devkitPro/libctru/lib\libctru.a(romfs_dev.o)
 .text.searchForFile.constprop.0
                0x00108670       0xd4 C:/devkitPro/libctru/lib\libctru.a(romfs_dev.o)
 .text.searchForDir.constprop.0
                0x00108744       0xd8 C:/devkitPro/libctru/lib\libctru.a(romfs_dev.o)
 .text.navigateToDir.constprop.0
                0x0010881c      0x1c0 C:/devkitPro/libctru/lib\libctru.a(romfs_dev.o)
 .text.romfs_open
                0x001089dc      0x10c C:/devkitPro/libctru/lib\libctru.a(romfs_dev.o)
 .text.romfs_chdir
                0x00108ae8       0x4c C:/devkitPro/libctru/lib\libctru.a(romfs_dev.o)
 .text.romfs_diropen
                0x00108b34       0x70 C:/devkitPro/libctru/lib\libctru.a(romfs_dev.o)
 .text.romfs_stat
                0x00108ba4      0x174 C:/devkitPro/libctru/lib\libctru.a(romfs_dev.o)
 .text.romfs_dirclose
                0x00108d18        0x8 C:/devkitPro/libctru/lib\libctru.a(romfs_dev.o)
 .text.romfs_fstat
                0x00108d20       0x84 C:/devkitPro/libctru/lib\libctru.a(romfs_dev.o)
 .text.romfs_read
                0x00108da4       0xd0 C:/devkitPro/libctru/lib\libctru.a(romfs_dev.o)
 .text.romfsMountFromFile
                0x00108e74      0x28c C:/devkitPro/libctru/lib\libctru.a(romfs_dev.o)
                0x00108e74                romfsMountFromFile
 .text.romfsMountFromCurrentProcess
                0x00109100       0x98 C:/devkitPro/libctru/lib\libctru.a(romfs_dev.o)
                0x00109100                romfsMountFromCurrentProcess
 .text.romfsMountSelf
                0x00109198      0x260 C:/devkitPro/libctru/lib\libctru.a(romfs_dev.o)
                0x00109198                romfsMountSelf
 .text.romfsUnmount
                0x001093f8       0xa4 C:/devkitPro/libctru/lib\libctru.a(romfs_dev.o)
                0x001093f8                romfsUnmount
 .text.GPUCMD_Add
                0x0010949c      0x13c C:/devkitPro/libctru/lib\libctru.a(gpu.o)
                0x0010949c                GPUCMD_Add
 .text.GPUCMD_Split
                0x001095d8       0xb0 C:/devkitPro/libctru/lib\libctru.a(gpu.o)
                0x001095d8                GPUCMD_Split
 .text.f32tof16
                0x00109688       0x34 C:/devkitPro/libctru/lib\libctru.a(gpu.o)
                0x00109688                f32tof16
 .text.f32tof24
                0x001096bc       0x34 C:/devkitPro/libctru/lib\libctru.a(gpu.o)
                0x001096bc                f32tof24
 .text.f32tof31
                0x001096f0       0x38 C:/devkitPro/libctru/lib\libctru.a(gpu.o)
                0x001096f0                f32tof31
 .text.GX_BindQueue
                0x00109728       0x10 C:/devkitPro/libctru/lib\libctru.a(gx.o)
                0x00109728                GX_BindQueue
 .text.GX_ProcessCommandList
                0x00109738       0x78 C:/devkitPro/libctru/lib\libctru.a(gx.o)
                0x00109738                GX_ProcessCommandList
 .text.GX_MemoryFill
                0x001097b0       0x74 C:/devkitPro/libctru/lib\libctru.a(gx.o)
                0x001097b0                GX_MemoryFill
 .text.GX_DisplayTransfer
                0x00109824       0x70 C:/devkitPro/libctru/lib\libctru.a(gx.o)
                0x00109824                GX_DisplayTransfer
 .text.GX_TextureCopy
                0x00109894       0x74 C:/devkitPro/libctru/lib\libctru.a(gx.o)
                0x00109894                GX_TextureCopy
 .text.gxCmdQueueDoCommands.part.0
                0x00109908       0x68 C:/devkitPro/libctru/lib\libctru.a(gxqueue.o)
 .text.gxCmdQueueInterrupt
                0x00109970       0xc8 C:/devkitPro/libctru/lib\libctru.a(gxqueue.o)
                0x00109970                gxCmdQueueInterrupt
 .text.gxCmdQueueClear
                0x00109a38       0x4c C:/devkitPro/libctru/lib\libctru.a(gxqueue.o)
                0x00109a38                gxCmdQueueClear
 .text.gxCmdQueueAdd
                0x00109a84       0xf8 C:/devkitPro/libctru/lib\libctru.a(gxqueue.o)
                0x00109a84                gxCmdQueueAdd
 .text.gxCmdQueueRun
                0x00109b7c       0x80 C:/devkitPro/libctru/lib\libctru.a(gxqueue.o)
                0x00109b7c                gxCmdQueueRun
 .text.gxCmdQueueStop
                0x00109bfc       0x60 C:/devkitPro/libctru/lib\libctru.a(gxqueue.o)
                0x00109bfc                gxCmdQueueStop
 .text.gxCmdQueueWait
                0x00109c5c       0x8c C:/devkitPro/libctru/lib\libctru.a(gxqueue.o)
                0x00109c5c                gxCmdQueueWait
 .text.shaderInstanceInit
                0x00109ce8      0x1d0 C:/devkitPro/libctru/lib\libctru.a(shaderProgram.o)
                0x00109ce8                shaderInstanceInit
 .text.shaderInstanceGetUniformLocation
                0x00109eb8       0x18 C:/devkitPro/libctru/lib\libctru.a(shaderProgram.o)
                0x00109eb8                shaderInstanceGetUniformLocation
 .text.shaderProgramInit
                0x00109ed0       0x1c C:/devkitPro/libctru/lib\libctru.a(shaderProgram.o)
                0x00109ed0                shaderProgramInit
 .text.shaderProgramFree
                0x00109eec       0x64 C:/devkitPro/libctru/lib\libctru.a(shaderProgram.o)
                0x00109eec                shaderProgramFree
 .text.shaderProgramSetVsh
                0x00109f50       0x80 C:/devkitPro/libctru/lib\libctru.a(shaderProgram.o)
                0x00109f50                shaderProgramSetVsh
 .text.shaderProgramConfigure
                0x00109fd0      0x8d0 C:/devkitPro/libctru/lib\libctru.a(shaderProgram.o)
                0x00109fd0                shaderProgramConfigure
 .text.DVLE_GenerateOutmap.part.0
                0x0010a8a0      0x1dc C:/devkitPro/libctru/lib\libctru.a(shbin.o)
 .text.DVLB_ParseFile
                0x0010aa7c      0x1b0 C:/devkitPro/libctru/lib\libctru.a(shbin.o)
                0x0010aa7c                DVLB_ParseFile
 .text.DVLB_Free
                0x0010ac2c       0x38 C:/devkitPro/libctru/lib\libctru.a(shbin.o)
                0x0010ac2c                DVLB_Free
 .text.DVLE_GetUniformRegister
                0x0010ac64       0x74 C:/devkitPro/libctru/lib\libctru.a(shbin.o)
                0x0010ac64                DVLE_GetUniformRegister
 .text.aptConvertScreenForCapture
                0x0010acd8      0x1b0 C:/devkitPro/libctru/lib\libctru.a(apt.o)
 .text.aptDspSleep
                0x0010ae88        0x8 C:/devkitPro/libctru/lib\libctru.a(apt.o)
                0x0010ae88                aptDspSleep
 .text.aptDspWakeup
                0x0010ae90        0x4 C:/devkitPro/libctru/lib\libctru.a(apt.o)
                0x0010ae90                aptDspWakeup
 .text.aptDspCancel
                0x0010ae94        0x4 C:/devkitPro/libctru/lib\libctru.a(apt.o)
                0x0010ae94                aptDspCancel
 .text.aptSendCommand
                0x0010ae98      0x158 C:/devkitPro/libctru/lib\libctru.a(apt.o)
                0x0010ae98                aptSendCommand
 .text.aptExitProcess
                0x0010aff0       0x44 C:/devkitPro/libctru/lib\libctru.a(apt.o)
 .text.aptExit  0x0010b034      0x380 C:/devkitPro/libctru/lib\libctru.a(apt.o)
                0x0010b034                aptExit
 .text.aptHandleSleep
                0x0010b3b4       0xd8 C:/devkitPro/libctru/lib\libctru.a(apt.o)
                0x0010b3b4                aptHandleSleep
 .text.aptHook  0x0010b48c       0x30 C:/devkitPro/libctru/lib\libctru.a(apt.o)
                0x0010b48c                aptHook
 .text.aptUnhook
                0x0010b4bc       0x30 C:/devkitPro/libctru/lib\libctru.a(apt.o)
                0x0010b4bc                aptUnhook
 .text.APT_SleepIfShellClosed
                0x0010b4ec       0x84 C:/devkitPro/libctru/lib\libctru.a(apt.o)
                0x0010b4ec                APT_SleepIfShellClosed
 .text.aptSetSleepAllowed
                0x0010b570       0x78 C:/devkitPro/libctru/lib\libctru.a(apt.o)
                0x0010b570                aptSetSleepAllowed
 .text.APT_UnlockTransition
                0x0010b5e8       0x84 C:/devkitPro/libctru/lib\libctru.a(apt.o)
                0x0010b5e8                APT_UnlockTransition
 *fill*         0x0010b66c        0x4 
 .text.aptEventHandler
                0x0010b670      0x478 C:/devkitPro/libctru/lib\libctru.a(apt.o)
 .text.APT_ReceiveParameter
                0x0010bae8       0xb0 C:/devkitPro/libctru/lib\libctru.a(apt.o)
                0x0010bae8                APT_ReceiveParameter
 .text.aptReceiveParameter.constprop.0
                0x0010bb98       0xac C:/devkitPro/libctru/lib\libctru.a(apt.o)
 *fill*         0x0010bc44        0x4 
 .text.aptScreenTransfer
                0x0010bc48      0x294 C:/devkitPro/libctru/lib\libctru.a(apt.o)
 .text.aptWaitForWakeUp.isra.0
                0x0010bedc      0x2c8 C:/devkitPro/libctru/lib\libctru.a(apt.o)
 .text.aptJumpToHomeMenu
                0x0010c1a4       0xf4 C:/devkitPro/libctru/lib\libctru.a(apt.o)
                0x0010c1a4                aptJumpToHomeMenu
 .text.aptMainLoop
                0x0010c298       0x48 C:/devkitPro/libctru/lib\libctru.a(apt.o)
                0x0010c298                aptMainLoop
 .text.aptInit  0x0010c2e0      0x22c C:/devkitPro/libctru/lib\libctru.a(apt.o)
                0x0010c2e0                aptInit
 .text.APT_CheckNew3DS
                0x0010c50c       0x7c C:/devkitPro/libctru/lib\libctru.a(apt.o)
                0x0010c50c                APT_CheckNew3DS
 .text.csndInit
                0x0010c588      0x1d0 C:/devkitPro/libctru/lib\libctru.a(csnd.o)
                0x0010c588                csndInit
 .text.fsInit   0x0010c758       0xd0 C:/devkitPro/libctru/lib\libctru.a(fs.o)
                0x0010c758                fsInit
 .text.fsExit   0x0010c828       0x3c C:/devkitPro/libctru/lib\libctru.a(fs.o)
                0x0010c828                fsExit
 .text.fsExemptFromSession
                0x0010c864       0x60 C:/devkitPro/libctru/lib\libctru.a(fs.o)
                0x0010c864                fsExemptFromSession
 .text.fsUnexemptFromSession
                0x0010c8c4       0x50 C:/devkitPro/libctru/lib\libctru.a(fs.o)
                0x0010c8c4                fsUnexemptFromSession
 .text.FSUSER_OpenFile
                0x0010c914       0xcc C:/devkitPro/libctru/lib\libctru.a(fs.o)
                0x0010c914                FSUSER_OpenFile
 .text.FSUSER_OpenFileDirectly
                0x0010c9e0       0xd4 C:/devkitPro/libctru/lib\libctru.a(fs.o)
                0x0010c9e0                FSUSER_OpenFileDirectly
 .text.FSUSER_DeleteFile
                0x0010cab4       0xbc C:/devkitPro/libctru/lib\libctru.a(fs.o)
                0x0010cab4                FSUSER_DeleteFile
 .text.FSUSER_RenameFile
                0x0010cb70       0xf8 C:/devkitPro/libctru/lib\libctru.a(fs.o)
                0x0010cb70                FSUSER_RenameFile
 .text.FSUSER_DeleteDirectory
                0x0010cc68       0xbc C:/devkitPro/libctru/lib\libctru.a(fs.o)
                0x0010cc68                FSUSER_DeleteDirectory
 .text.FSUSER_CreateFile
                0x0010cd24       0xd4 C:/devkitPro/libctru/lib\libctru.a(fs.o)
                0x0010cd24                FSUSER_CreateFile
 .text.FSUSER_CreateDirectory
                0x0010cdf8       0xc4 C:/devkitPro/libctru/lib\libctru.a(fs.o)
                0x0010cdf8                FSUSER_CreateDirectory
 .text.FSUSER_RenameDirectory
                0x0010cebc       0xf8 C:/devkitPro/libctru/lib\libctru.a(fs.o)
                0x0010cebc                FSUSER_RenameDirectory
 .text.FSUSER_OpenDirectory
                0x0010cfb4       0xb4 C:/devkitPro/libctru/lib\libctru.a(fs.o)
                0x0010cfb4                FSUSER_OpenDirectory
 .text.FSUSER_OpenArchive
                0x0010d068       0x94 C:/devkitPro/libctru/lib\libctru.a(fs.o)
                0x0010d068                FSUSER_OpenArchive
 .text.FSUSER_CloseArchive
                0x0010d0fc       0x8c C:/devkitPro/libctru/lib\libctru.a(fs.o)
                0x0010d0fc                FSUSER_CloseArchive
 .text.FSUSER_GetSdmcArchiveResource
                0x0010d188       0x74 C:/devkitPro/libctru/lib\libctru.a(fs.o)
                0x0010d188                FSUSER_GetSdmcArchiveResource
 .text.FSUSER_IsSdmcWritable
                0x0010d1fc       0x64 C:/devkitPro/libctru/lib\libctru.a(fs.o)
                0x0010d1fc                FSUSER_IsSdmcWritable
 .text.FSFILE_Read
                0x0010d260       0x58 C:/devkitPro/libctru/lib\libctru.a(fs.o)
                0x0010d260                FSFILE_Read
 .text.FSFILE_Write
                0x0010d2b8       0x60 C:/devkitPro/libctru/lib\libctru.a(fs.o)
                0x0010d2b8                FSFILE_Write
 .text.FSFILE_GetSize
                0x0010d318       0x38 C:/devkitPro/libctru/lib\libctru.a(fs.o)
                0x0010d318                FSFILE_GetSize
 .text.FSFILE_SetSize
                0x0010d350       0x28 C:/devkitPro/libctru/lib\libctru.a(fs.o)
                0x0010d350                FSFILE_SetSize
 .text.FSFILE_Close
                0x0010d378       0x3c C:/devkitPro/libctru/lib\libctru.a(fs.o)
                0x0010d378                FSFILE_Close
 .text.FSFILE_Flush
                0x0010d3b4       0x24 C:/devkitPro/libctru/lib\libctru.a(fs.o)
                0x0010d3b4                FSFILE_Flush
 .text.FSDIR_Read
                0x0010d3d8       0x50 C:/devkitPro/libctru/lib\libctru.a(fs.o)
                0x0010d3d8                FSDIR_Read
 .text.FSDIR_Close
                0x0010d428       0x3c C:/devkitPro/libctru/lib\libctru.a(fs.o)
                0x0010d428                FSDIR_Close
 .text.gspHardwareInit
                0x0010d464      0xc70 C:/devkitPro/libctru/lib\libctru.a(gspgpu.o)
 .text.gspInit  0x0010e0d4      0x248 C:/devkitPro/libctru/lib\libctru.a(gspgpu.o)
                0x0010e0d4                gspInit
 .text.gspExit  0x0010e31c       0xe4 C:/devkitPro/libctru/lib\libctru.a(gspgpu.o)
                0x0010e31c                gspExit
 .text.gspHasGpuRight
                0x0010e400       0x10 C:/devkitPro/libctru/lib\libctru.a(gspgpu.o)
                0x0010e400                gspHasGpuRight
 .text.gspPresentBuffer
                0x0010e410       0xa0 C:/devkitPro/libctru/lib\libctru.a(gspgpu.o)
                0x0010e410                gspPresentBuffer
 .text.gspSetEventCallback
                0x0010e4b0       0x30 C:/devkitPro/libctru/lib\libctru.a(gspgpu.o)
                0x0010e4b0                gspSetEventCallback
 .text.gspWaitForEvent
                0x0010e4e0       0x44 C:/devkitPro/libctru/lib\libctru.a(gspgpu.o)
                0x0010e4e0                gspWaitForEvent
 .text.gspWaitForAnyEvent
                0x0010e524       0x4c C:/devkitPro/libctru/lib\libctru.a(gspgpu.o)
                0x0010e524                gspWaitForAnyEvent
 .text.gspEventThreadMain
                0x0010e570      0x160 C:/devkitPro/libctru/lib\libctru.a(gspgpu.o)
 .text.gspSubmitGxCommand
                0x0010e6d0      0x130 C:/devkitPro/libctru/lib\libctru.a(gspgpu.o)
                0x0010e6d0                gspSubmitGxCommand
 .text.GSPGPU_FlushDataCache
                0x0010e800       0x50 C:/devkitPro/libctru/lib\libctru.a(gspgpu.o)
                0x0010e800                GSPGPU_FlushDataCache
 .text.GSPGPU_SetLcdForceBlack
                0x0010e850       0x34 C:/devkitPro/libctru/lib\libctru.a(gspgpu.o)
                0x0010e850                GSPGPU_SetLcdForceBlack
 .text.GSPGPU_AcquireRight
                0x0010e884       0x68 C:/devkitPro/libctru/lib\libctru.a(gspgpu.o)
                0x0010e884                GSPGPU_AcquireRight
 .text.GSPGPU_ReleaseRight
                0x0010e8ec       0x48 C:/devkitPro/libctru/lib\libctru.a(gspgpu.o)
                0x0010e8ec                GSPGPU_ReleaseRight
 .text.GSPGPU_ImportDisplayCaptureInfo
                0x0010e934       0x7c C:/devkitPro/libctru/lib\libctru.a(gspgpu.o)
                0x0010e934                GSPGPU_ImportDisplayCaptureInfo
 .text.GSPGPU_SaveVramSysArea
                0x0010e9b0       0x2c C:/devkitPro/libctru/lib\libctru.a(gspgpu.o)
                0x0010e9b0                GSPGPU_SaveVramSysArea
 .text.GSPGPU_RestoreVramSysArea
                0x0010e9dc       0x2c C:/devkitPro/libctru/lib\libctru.a(gspgpu.o)
                0x0010e9dc                GSPGPU_RestoreVramSysArea
 .text.hidShouldUseIrrst
                0x0010ea08       0x24 C:/devkitPro/libctru/lib\libctru.a(hid.o)
                0x0010ea08                hidShouldUseIrrst
 .text.hidInit  0x0010ea2c      0x18c C:/devkitPro/libctru/lib\libctru.a(hid.o)
                0x0010ea2c                hidInit
 .text.hidExit  0x0010ebb8       0xe8 C:/devkitPro/libctru/lib\libctru.a(hid.o)
                0x0010ebb8                hidExit
 .text.hidScanInput
                0x0010eca0      0x2a4 C:/devkitPro/libctru/lib\libctru.a(hid.o)
                0x0010eca0                hidScanInput
 .text.hidKeysDown
                0x0010ef44       0x10 C:/devkitPro/libctru/lib\libctru.a(hid.o)
                0x0010ef44                hidKeysDown
 .text.hidTouchRead
                0x0010ef54       0x18 C:/devkitPro/libctru/lib\libctru.a(hid.o)
                0x0010ef54                hidTouchRead
 .text.irrstInit
                0x0010ef6c      0x160 C:/devkitPro/libctru/lib\libctru.a(irrst.o)
                0x0010ef6c                irrstInit
 .text.irrstExit
                0x0010f0cc       0xcc C:/devkitPro/libctru/lib\libctru.a(irrst.o)
                0x0010f0cc                irrstExit
 .text.irrstScanInput
                0x0010f198       0xb4 C:/devkitPro/libctru/lib\libctru.a(irrst.o)
                0x0010f198                irrstScanInput
 .text.irrstKeysHeld
                0x0010f24c       0x24 C:/devkitPro/libctru/lib\libctru.a(irrst.o)
                0x0010f24c                irrstKeysHeld
 .text.ptmSysmInit
                0x0010f270       0x74 C:/devkitPro/libctru/lib\libctru.a(ptmsysm.o)
                0x0010f270                ptmSysmInit
 .text.ptmSysmExit
                0x0010f2e4       0x3c C:/devkitPro/libctru/lib\libctru.a(ptmsysm.o)
                0x0010f2e4                ptmSysmExit
 .text.PTMSYSM_ConfigureNew3DSCPU
                0x0010f320       0x34 C:/devkitPro/libctru/lib\libctru.a(ptmsysm.o)
                0x0010f320                PTMSYSM_ConfigureNew3DSCPU
 .text.buffer_read
                0x0010f354       0xe0 C:/devkitPro/libctru/lib\libctru.a(decompress.o)
 .text.iov_read
                0x0010f434       0xcc C:/devkitPro/libctru/lib\libctru.a(decompress.o)
 .text.iov_memmove
                0x0010f500      0x148 C:/devkitPro/libctru/lib\libctru.a(decompress.o)
 .text.decompress_rle
                0x0010f648      0x1dc C:/devkitPro/libctru/lib\libctru.a(decompress.o)
 .text.decompress_lzss
                0x0010f824      0x26c C:/devkitPro/libctru/lib\libctru.a(decompress.o)
 .text.decompress_lz11
                0x0010fa90      0x42c C:/devkitPro/libctru/lib\libctru.a(decompress.o)
 .text.decompress_huff
                0x0010febc      0x36c C:/devkitPro/libctru/lib\libctru.a(decompress.o)
 .text.decompressCallback_Stdio
                0x00110228       0x10 C:/devkitPro/libctru/lib\libctru.a(decompress.o)
                0x00110228                decompressCallback_Stdio
 .text.decompressHeader
                0x00110238       0xe4 C:/devkitPro/libctru/lib\libctru.a(decompress.o)
                0x00110238                decompressHeader
 .text.decompressV
                0x0011031c      0x200 C:/devkitPro/libctru/lib\libctru.a(decompress.o)
                0x0011031c                decompressV
 .text.rbtree_find
                0x0011051c       0x74 C:/devkitPro/libctru/lib\libctru.a(rbtree_find.o)
                0x0011051c                rbtree_find
 .text.rbtree_init
                0x00110590       0x10 C:/devkitPro/libctru/lib\libctru.a(rbtree_init.o)
                0x00110590                rbtree_init
 .text.do_insert
                0x001105a0      0x19c C:/devkitPro/libctru/lib\libctru.a(rbtree_insert.o)
 .text.rbtree_insert
                0x0011073c        0x8 C:/devkitPro/libctru/lib\libctru.a(rbtree_insert.o)
                0x0011073c                rbtree_insert
 .text.rbtree_remove
                0x00110744      0x310 C:/devkitPro/libctru/lib\libctru.a(rbtree_remove.o)
                0x00110744                rbtree_remove
 .text.rbtree_rotate
                0x00110a54       0x90 C:/devkitPro/libctru/lib\libctru.a(rbtree_rotate.o)
                0x00110a54                rbtree_rotate
 .text.utf16_to_utf8
                0x00110ae4       0xe8 C:/devkitPro/libctru/lib\libctru.a(utf16_to_utf8.o)
                0x00110ae4                utf16_to_utf8
 .text.utf8_to_utf16
                0x00110bcc       0xc0 C:/devkitPro/libctru/lib\libctru.a(utf8_to_utf16.o)
                0x00110bcc                utf8_to_utf16
 *fill*         0x00110c8c        0x4 
 .text.__system_allocateHeaps
                0x00110c90      0x1e0 C:/devkitPro/libctru/lib\libctru.a(allocateHeaps.o)
                0x00110c90                __system_allocateHeaps
 .text.__libctru_init
                0x00110e70       0x38 C:/devkitPro/libctru/lib\libctru.a(ctru_init.o)
                0x00110e70                __libctru_init
 .text.__system_initArgv
                0x00110ea8      0x160 C:/devkitPro/libctru/lib\libctru.a(initArgv.o)
                0x00110ea8                __system_initArgv
 .text.__syscall_getreent
                0x00111008       0x30 C:/devkitPro/libctru/lib\libctru.a(syscalls.o)
                0x00111008                __syscall_getreent
 .text.__syscall_gettod_r
                0x00111038       0x64 C:/devkitPro/libctru/lib\libctru.a(syscalls.o)
                0x00111038                __syscall_gettod_r
 .text.__syscall_lock_acquire
                0x0011109c        0x4 C:/devkitPro/libctru/lib\libctru.a(syscalls.o)
                0x0011109c                __syscall_lock_acquire
 .text.__syscall_lock_release
                0x001110a0        0x4 C:/devkitPro/libctru/lib\libctru.a(syscalls.o)
                0x001110a0                __syscall_lock_release
 .text.__syscall_lock_acquire_recursive
                0x001110a4        0x4 C:/devkitPro/libctru/lib\libctru.a(syscalls.o)
                0x001110a4                __syscall_lock_acquire_recursive
 .text.__syscall_lock_release_recursive
                0x001110a8        0x4 C:/devkitPro/libctru/lib\libctru.a(syscalls.o)
                0x001110a8                __syscall_lock_release_recursive
 .text.__syscall_exit
                0x001110ac        0x4 C:/devkitPro/libctru/lib\libctru.a(syscalls.o)
                0x001110ac                __syscall_exit
 .text.initThreadVars
                0x001110b0       0x50 C:/devkitPro/libctru/lib\libctru.a(syscalls.o)
                0x001110b0                initThreadVars
 .text.__system_initSyscalls
                0x00111100       0x80 C:/devkitPro/libctru/lib\libctru.a(syscalls.o)
                0x00111100                __system_initSyscalls
 .text.svcControlMemory
                0x00111180       0x20 C:/devkitPro/libctru/lib\libctru.a(svc.o)
                0x00111180                svcControlMemory
 .text.svcQueryMemory
                0x001111a0       0x30 C:/devkitPro/libctru/lib\libctru.a(svc.o)
                0x001111a0                svcQueryMemory
 .text.svcExitProcess
                0x001111d0        0x8 C:/devkitPro/libctru/lib\libctru.a(svc.o)
                0x001111d0                svcExitProcess
 .text.svcCreateThread
                0x001111d8       0x20 C:/devkitPro/libctru/lib\libctru.a(svc.o)
                0x001111d8                svcCreateThread
 .text.svcExitThread
                0x001111f8        0x8 C:/devkitPro/libctru/lib\libctru.a(svc.o)
                0x001111f8                svcExitThread
 .text.svcSleepThread
                0x00111200        0x8 C:/devkitPro/libctru/lib\libctru.a(svc.o)
                0x00111200                svcSleepThread
 .text.svcReleaseMutex
                0x00111208        0x8 C:/devkitPro/libctru/lib\libctru.a(svc.o)
                0x00111208                svcReleaseMutex
 .text.svcCreateEvent
                0x00111210       0x14 C:/devkitPro/libctru/lib\libctru.a(svc.o)
                0x00111210                svcCreateEvent
 .text.svcSignalEvent
                0x00111224        0x8 C:/devkitPro/libctru/lib\libctru.a(svc.o)
                0x00111224                svcSignalEvent
 .text.svcClearEvent
                0x0011122c        0x8 C:/devkitPro/libctru/lib\libctru.a(svc.o)
                0x0011122c                svcClearEvent
 .text.svcMapMemoryBlock
                0x00111234        0x8 C:/devkitPro/libctru/lib\libctru.a(svc.o)
                0x00111234                svcMapMemoryBlock
 .text.svcUnmapMemoryBlock
                0x0011123c        0x8 C:/devkitPro/libctru/lib\libctru.a(svc.o)
                0x0011123c                svcUnmapMemoryBlock
 .text.svcCreateAddressArbiter
                0x00111244       0x14 C:/devkitPro/libctru/lib\libctru.a(svc.o)
                0x00111244                svcCreateAddressArbiter
 .text.svcArbitrateAddressNoTimeout
                0x00111258        0x8 C:/devkitPro/libctru/lib\libctru.a(svc.o)
                0x00111258                svcArbitrateAddressNoTimeout
 .text.svcCloseHandle
                0x00111260        0x8 C:/devkitPro/libctru/lib\libctru.a(svc.o)
                0x00111260                svcCloseHandle
 .text.svcWaitSynchronization
                0x00111268        0x8 C:/devkitPro/libctru/lib\libctru.a(svc.o)
                0x00111268                svcWaitSynchronization
 .text.svcWaitSynchronizationN
                0x00111270       0x28 C:/devkitPro/libctru/lib\libctru.a(svc.o)
                0x00111270                svcWaitSynchronizationN
 .text.svcDuplicateHandle
                0x00111298       0x14 C:/devkitPro/libctru/lib\libctru.a(svc.o)
                0x00111298                svcDuplicateHandle
 .text.svcGetSystemTick
                0x001112ac        0x8 C:/devkitPro/libctru/lib\libctru.a(svc.o)
                0x001112ac                svcGetSystemTick
 .text.svcConnectToPort
                0x001112b4       0x14 C:/devkitPro/libctru/lib\libctru.a(svc.o)
                0x001112b4                svcConnectToPort
 .text.svcSendSyncRequest
                0x001112c8        0x8 C:/devkitPro/libctru/lib\libctru.a(svc.o)
                0x001112c8                svcSendSyncRequest
 .text.svcGetResourceLimit
                0x001112d0       0x14 C:/devkitPro/libctru/lib\libctru.a(svc.o)
                0x001112d0                svcGetResourceLimit
 .text.svcGetResourceLimitLimitValues
                0x001112e4        0x8 C:/devkitPro/libctru/lib\libctru.a(svc.o)
                0x001112e4                svcGetResourceLimitLimitValues
 .text.svcGetResourceLimitCurrentValues
                0x001112ec        0x8 C:/devkitPro/libctru/lib\libctru.a(svc.o)
                0x001112ec                svcGetResourceLimitCurrentValues
 .text.svcBreak
                0x001112f4        0x8 C:/devkitPro/libctru/lib\libctru.a(svc.o)
                0x001112f4                svcBreak
 .text.__aeabi_read_tp
                0x001112fc        0xc C:/devkitPro/libctru/lib\libctru.a(readtp.o)
                0x001112fc                __aeabi_read_tp
 .text.initSystem
                0x00111308       0x50 C:/devkitPro/libctru/lib\libctru.a(stack_adjust.o)
                0x00111308                initSystem
 .text.__ctru_exit
                0x00111358       0x14 C:/devkitPro/libctru/lib\libctru.a(stack_adjust.o)
                0x00111358                __ctru_exit
 .text.envGetHandle
                0x0011136c       0x84 C:/devkitPro/libctru/lib\libctru.a(env.o)
                0x0011136c                envGetHandle
 .text.envDestroyHandles
                0x001113f0       0x50 C:/devkitPro/libctru/lib\libctru.a(env.o)
                0x001113f0                envDestroyHandles
 .text.srvInit  0x00111440      0x12c C:/devkitPro/libctru/lib\libctru.a(srv.o)
                0x00111440                srvInit
 .text.srvExit  0x0011156c       0x58 C:/devkitPro/libctru/lib\libctru.a(srv.o)
                0x0011156c                srvExit
 .text.srvEnableNotification
                0x001115c4       0x60 C:/devkitPro/libctru/lib\libctru.a(srv.o)
                0x001115c4                srvEnableNotification
 .text.srvGetServiceHandleDirect
                0x00111624       0xa0 C:/devkitPro/libctru/lib\libctru.a(srv.o)
                0x00111624                srvGetServiceHandleDirect
 .text.srvGetServiceHandle
                0x001116c4       0x38 C:/devkitPro/libctru/lib\libctru.a(srv.o)
                0x001116c4                srvGetServiceHandle
 .text.srvSubscribe
                0x001116fc       0x34 C:/devkitPro/libctru/lib\libctru.a(srv.o)
                0x001116fc                srvSubscribe
 .text.srvReceiveNotification
                0x00111730       0x60 C:/devkitPro/libctru/lib\libctru.a(srv.o)
                0x00111730                srvReceiveNotification
 .text.srvPublishToSubscriber
                0x00111790       0x38 C:/devkitPro/libctru/lib\libctru.a(srv.o)
                0x00111790                srvPublishToSubscriber
 .text.__sync_init
                0x001117c8        0xc C:/devkitPro/libctru/lib\libctru.a(synchronization.o)
                0x001117c8                __sync_init
 .text.__sync_fini
                0x001117d4       0x18 C:/devkitPro/libctru/lib\libctru.a(synchronization.o)
                0x001117d4                __sync_fini
 .text.syncArbitrateAddress
                0x001117ec       0x2c C:/devkitPro/libctru/lib\libctru.a(synchronization.o)
                0x001117ec                syncArbitrateAddress
 .text.LightLock_Lock
                0x00111818       0xb0 C:/devkitPro/libctru/lib\libctru.a(synchronization.o)
                0x00111818                LightLock_Lock
 .text.LightLock_Unlock
                0x001118c8       0x40 C:/devkitPro/libctru/lib\libctru.a(synchronization.o)
                0x001118c8                LightLock_Unlock
 .text.RecursiveLock_Lock
                0x00111908       0x30 C:/devkitPro/libctru/lib\libctru.a(synchronization.o)
                0x00111908                RecursiveLock_Lock
 .text.RecursiveLock_Unlock
                0x00111938       0x54 C:/devkitPro/libctru/lib\libctru.a(synchronization.o)
                0x00111938                RecursiveLock_Unlock
 .text.LightEvent_Init
                0x0011198c       0x40 C:/devkitPro/libctru/lib\libctru.a(synchronization.o)
                0x0011198c                LightEvent_Init
 .text.LightEvent_Clear
                0x001119cc       0xa4 C:/devkitPro/libctru/lib\libctru.a(synchronization.o)
                0x001119cc                LightEvent_Clear
 .text.LightEvent_Signal
                0x00111a70       0xc8 C:/devkitPro/libctru/lib\libctru.a(synchronization.o)
                0x00111a70                LightEvent_Signal
 .text.LightEvent_TryWait
                0x00111b38       0x50 C:/devkitPro/libctru/lib\libctru.a(synchronization.o)
                0x00111b38                LightEvent_TryWait
 .text.LightEvent_Wait
                0x00111b88       0xa0 C:/devkitPro/libctru/lib\libctru.a(synchronization.o)
                0x00111b88                LightEvent_Wait
 .text.threadCreate
                0x00111c28      0x1d4 C:/devkitPro/libctru/lib\libctru.a(thread.o)
                0x00111c28                threadCreate
 .text.threadFree
                0x00111dfc       0x2c C:/devkitPro/libctru/lib\libctru.a(thread.o)
                0x00111dfc                threadFree
 .text.threadJoin
                0x00111e28       0x24 C:/devkitPro/libctru/lib\libctru.a(thread.o)
                0x00111e28                threadJoin
 .text.threadGetCurrent
                0x00111e4c       0x30 C:/devkitPro/libctru/lib\libctru.a(thread.o)
                0x00111e4c                threadGetCurrent
 .text.threadExit
                0x00111e7c       0x40 C:/devkitPro/libctru/lib\libctru.a(thread.o)
                0x00111e7c                threadExit
 .text._thread_begin
                0x00111ebc       0x20 C:/devkitPro/libctru/lib\libctru.a(thread.o)
 .text.mappableFindAddressWithin
                0x00111edc       0x90 C:/devkitPro/libctru/lib\libctru.a(mappable.o)
 .text.mappableInit
                0x00111f6c       0x28 C:/devkitPro/libctru/lib\libctru.a(mappable.o)
                0x00111f6c                mappableInit
 .text.mappableAlloc
                0x00111f94       0x80 C:/devkitPro/libctru/lib\libctru.a(mappable.o)
                0x00111f94                mappableAlloc
 .text.mappableFree
                0x00112014        0x4 C:/devkitPro/libctru/lib\libctru.a(mappable.o)
                0x00112014                mappableFree
 .text.srvPmGetSessionHandle
                0x00112018        0xc C:/devkitPro/libctru/lib\libctru.a(srvpm.o)
                0x00112018                srvPmGetSessionHandle
 .text.rbtree_node_next
                0x00112024       0x5c C:/devkitPro/libctru/lib\libctru.a(rbtree_iterator.o)
                0x00112024                rbtree_node_next
 .text.decode_utf16
                0x00112080       0x64 C:/devkitPro/libctru/lib\libctru.a(decode_utf16.o)
                0x00112080                decode_utf16
 .text.decode_utf8
                0x001120e4      0x13c C:/devkitPro/libctru/lib\libctru.a(decode_utf8.o)
                0x001120e4                decode_utf8
 .text.encode_utf16
                0x00112220       0x54 C:/devkitPro/libctru/lib\libctru.a(encode_utf16.o)
                0x00112220                encode_utf16
 .text.encode_utf8
                0x00112274       0xe0 C:/devkitPro/libctru/lib\libctru.a(encode_utf8.o)
                0x00112274                encode_utf8
 .text.__appExit
                0x00112354       0x30 C:/devkitPro/libctru/lib\libctru.a(appExit.o)
                0x00112354                __appExit
 .text.__appInit
                0x00112384       0x30 C:/devkitPro/libctru/lib\libctru.a(appInit.o)
                0x00112384                __appInit
 .text.__libctru_exit
                0x001123b4       0x90 C:/devkitPro/libctru/lib\libctru.a(ctru_exit.o)
                0x001123b4                __libctru_exit
 .text.archive_link
                0x00112444       0x14 C:/devkitPro/libctru/lib\libctru.a(archive_dev.o)
 .text.archive_dirreset
                0x00112458       0x14 C:/devkitPro/libctru/lib\libctru.a(archive_dev.o)
 .text.archive_chmod
                0x0011246c       0x14 C:/devkitPro/libctru/lib\libctru.a(archive_dev.o)
 .text.error_cmp
                0x00112480       0x24 C:/devkitPro/libctru/lib\libctru.a(archive_dev.o)
 .text.archive_translate_error
                0x001124a4       0x50 C:/devkitPro/libctru/lib\libctru.a(archive_dev.o)
 .text.archive_seek
                0x001124f4       0xc4 C:/devkitPro/libctru/lib\libctru.a(archive_dev.o)
 .text._archiveInit.part.0
                0x001125b8       0x78 C:/devkitPro/libctru/lib\libctru.a(archive_dev.o)
 .text.archiveFindDevice.part.0
                0x00112630       0xc4 C:/devkitPro/libctru/lib\libctru.a(archive_dev.o)
 .text.archive_utf16path
                0x001126f4      0x290 C:/devkitPro/libctru/lib\libctru.a(archive_dev.o)
 .text._archiveUnmountDeviceStruct.part.0
                0x00112984       0x9c C:/devkitPro/libctru/lib\libctru.a(archive_dev.o)
 .text.archive_statvfs
                0x00112a20       0x14 C:/devkitPro/libctru/lib\libctru.a(archive_dev.o)
 .text.archive_fchmod
                0x00112a34       0x14 C:/devkitPro/libctru/lib\libctru.a(archive_dev.o)
 .text._archiveMountDevice
                0x00112a48      0x168 C:/devkitPro/libctru/lib\libctru.a(archive_dev.o)
 .text.archive_diropen
                0x00112bb0       0xe8 C:/devkitPro/libctru/lib\libctru.a(archive_dev.o)
 .text.archive_fstat
                0x00112c98       0xa4 C:/devkitPro/libctru/lib\libctru.a(archive_dev.o)
 .text.archive_fsync
                0x00112d3c       0x6c C:/devkitPro/libctru/lib\libctru.a(archive_dev.o)
 .text.archive_close
                0x00112da8       0x6c C:/devkitPro/libctru/lib\libctru.a(archive_dev.o)
 .text.archive_dirclose
                0x00112e14       0x70 C:/devkitPro/libctru/lib\libctru.a(archive_dev.o)
 .text.sdmc_statvfs
                0x00112e84       0xe4 C:/devkitPro/libctru/lib\libctru.a(archive_dev.o)
 .text.archive_chdir
                0x00112f68       0xec C:/devkitPro/libctru/lib\libctru.a(archive_dev.o)
 .text.archive_ftruncate
                0x00113054       0x7c C:/devkitPro/libctru/lib\libctru.a(archive_dev.o)
 .text.archive_read
                0x001130d0       0xac C:/devkitPro/libctru/lib\libctru.a(archive_dev.o)
 .text.archive_unlink
                0x0011317c       0xa4 C:/devkitPro/libctru/lib\libctru.a(archive_dev.o)
 .text.archive_rmdir
                0x00113220       0xbc C:/devkitPro/libctru/lib\libctru.a(archive_dev.o)
 .text.archive_mkdir
                0x001132dc       0xdc C:/devkitPro/libctru/lib\libctru.a(archive_dev.o)
 .text.archive_stat
                0x001133b8      0x194 C:/devkitPro/libctru/lib\libctru.a(archive_dev.o)
 .text.archive_dirnext
                0x0011354c      0x15c C:/devkitPro/libctru/lib\libctru.a(archive_dev.o)
 .text.archive_write
                0x001136a8      0x124 C:/devkitPro/libctru/lib\libctru.a(archive_dev.o)
 *fill*         0x001137cc        0x4 
 .text.archive_open
                0x001137d0      0x210 C:/devkitPro/libctru/lib\libctru.a(archive_dev.o)
 .text.archive_rename
                0x001139e0      0x268 C:/devkitPro/libctru/lib\libctru.a(archive_dev.o)
 .text.archiveMountSdmc
                0x00113c48      0x19c C:/devkitPro/libctru/lib\libctru.a(archive_dev.o)
                0x00113c48                archiveMountSdmc
 .text.archiveUnmountAll
                0x00113de4       0x54 C:/devkitPro/libctru/lib\libctru.a(archive_dev.o)
                0x00113de4                archiveUnmountAll
 .text.sinf     0x00113e38      0x25c C:/devkitPro/devkitARM/bin/../lib/gcc/arm-none-eabi/14.2.0/../../../../arm-none-eabi/lib/armv6k/fpu\libm.a(libm_a-sinf.o)
                0x00113e38                sinf
 .text.with_errnof
                0x00114094       0x24 C:/devkitPro/devkitARM/bin/../lib/gcc/arm-none-eabi/14.2.0/../../../../arm-none-eabi/lib/armv6k/fpu\libm.a(libm_a-math_errf.o)
 .text.__math_invalidf
                0x001140b8       0x1c C:/devkitPro/devkitARM/bin/../lib/gcc/arm-none-eabi/14.2.0/../../../../arm-none-eabi/lib/armv6k/fpu\libm.a(libm_a-math_errf.o)
                0x001140b8                __math_invalidf
 *fill*         0x001140d4        0x4 
 .text.cosf     0x001140d8      0x21c C:/devkitPro/devkitARM/bin/../lib/gcc/arm-none-eabi/14.2.0/../../../../arm-none-eabi/lib/armv6k/fpu\libm.a(libm_a-cosf.o)
                0x001140d8                cosf
 .text.__udivmoddi4
                0x001142f4      0x120 C:/devkitPro/devkitARM/bin/../lib/gcc/arm-none-eabi/14.2.0/armv6k/fpu\libgcc.a(_udivmoddi4.o)
                0x001142f4                __udivmoddi4
 .text.strncmp  0x00114414       0xd8 C:/devkitPro/devkitARM/bin/../lib/gcc/arm-none-eabi/14.2.0/../../../../arm-none-eabi/lib/armv6k/fpu\libg.a(libc_a-strncmp.o)
                0x00114414                strncmp
 .text.strchr   0x001144ec      0x130 C:/devkitPro/devkitARM/bin/../lib/gcc/arm-none-eabi/14.2.0/../../../../arm-none-eabi/lib/armv6k/fpu\libg.a(libc_a-strchr.o)
                0x001144ec                strchr
 .text.strlen   0x0011461c       0x5c C:/devkitPro/devkitARM/bin/../lib/gcc/arm-none-eabi/14.2.0/../../../../arm-none-eabi/lib/armv6k/fpu\libg.a(libc_a-strlen-stub.o)
                0x0011461c                strlen
 .text.sprintf  0x00114678       0x68 C:/devkitPro/devkitARM/bin/../lib/gcc/arm-none-eabi/14.2.0/../../../../arm-none-eabi/lib/armv6k/fpu\libg.a(libc_a-sprintf.o)
                0x00114678                sprintf
 .text.memcmp   0x001146e0       0xd4 C:/devkitPro/devkitARM/bin/../lib/gcc/arm-none-eabi/14.2.0/../../../../arm-none-eabi/lib/armv6k/fpu\libg.a(libc_a-memcmp.o)
                0x001146e0                memcmp
 .text._strtoul_l.isra.0
                0x001147b4      0x1e4 C:/devkitPro/devkitARM/bin/../lib/gcc/arm-none-eabi/14.2.0/../../../../arm-none-eabi/lib/armv6k/fpu\libg.a(libc_a-strtoul.o)
 .text.strtoul  0x00114998       0x34 C:/devkitPro/devkitARM/bin/../lib/gcc/arm-none-eabi/14.2.0/../../../../arm-none-eabi/lib/armv6k/fpu\libg.a(libc_a-strtoul.o)
                0x00114998                strtoul
 .text.strncat  0x001149cc       0xe4 C:/devkitPro/devkitARM/bin/../lib/gcc/arm-none-eabi/14.2.0/../../../../arm-none-eabi/lib/armv6k/fpu\libg.a(libc_a-strncat.o)
                0x001149cc                strncat
 .text.bsearch  0x00114ab0       0x78 C:/devkitPro/devkitARM/bin/../lib/gcc/arm-none-eabi/14.2.0/../../../../arm-none-eabi/lib/armv6k/fpu\libg.a(libc_a-bsearch.o)
                0x00114ab0                bsearch
 .text._fread_r
                0x00114b28      0x344 C:/devkitPro/devkitARM/bin/../lib/gcc/arm-none-eabi/14.2.0/../../../../arm-none-eabi/lib/armv6k/fpu\libg.a(libc_a-fread.o)
                0x00114b28                _fread_r
 .text.fread    0x00114e6c       0x38 C:/devkitPro/devkitARM/bin/../lib/gcc/arm-none-eabi/14.2.0/../../../../arm-none-eabi/lib/armv6k/fpu\libg.a(libc_a-fread.o)
                0x00114e6c                fread
 .text.calloc   0x00114ea4       0x20 C:/devkitPro/devkitARM/bin/../lib/gcc/arm-none-eabi/14.2.0/../../../../arm-none-eabi/lib/armv6k/fpu\libg.a(libc_a-calloc.o)
                0x00114ea4                calloc
 .text.lflush   0x00114ec4       0x38 C:/devkitPro/devkitARM/bin/../lib/gcc/arm-none-eabi/14.2.0/../../../../arm-none-eabi/lib/armv6k/fpu\libg.a(libc_a-refill.o)
 .text.__srefill_r
                0x00114efc      0x19c C:/devkitPro/devkitARM/bin/../lib/gcc/arm-none-eabi/14.2.0/../../../../arm-none-eabi/lib/armv6k/fpu\libg.a(libc_a-refill.o)
                0x00114efc                __srefill_r
 .text._fclose_r
                0x00115098      0x148 C:/devkitPro/devkitARM/bin/../lib/gcc/arm-none-eabi/14.2.0/../../../../arm-none-eabi/lib/armv6k/fpu\libg.a(libc_a-fclose.o)
                0x00115098                _fclose_r
 .text.fclose   0x001151e0       0x18 C:/devkitPro/devkitARM/bin/../lib/gcc/arm-none-eabi/14.2.0/../../../../arm-none-eabi/lib/armv6k/fpu\libg.a(libc_a-fclose.o)
                0x001151e0                fclose
 .text._calloc_r
                0x001151f8       0xc0 C:/devkitPro/devkitARM/bin/../lib/gcc/arm-none-eabi/14.2.0/../../../../arm-none-eabi/lib/armv6k/fpu\libg.a(libc_a-callocr.o)
                0x001151f8                _calloc_r
 .text.__smakebuf_r
                0x001152b8      0x144 C:/devkitPro/devkitARM/bin/../lib/gcc/arm-none-eabi/14.2.0/../../../../arm-none-eabi/lib/armv6k/fpu\libg.a(libc_a-makebuf.o)
                0x001152b8                __smakebuf_r
 .text.__swhatbuf_r
                0x001153fc       0x8c C:/devkitPro/devkitARM/bin/../lib/gcc/arm-none-eabi/14.2.0/../../../../arm-none-eabi/lib/armv6k/fpu\libg.a(libc_a-makebuf.o)
                0x001153fc                __swhatbuf_r
 .text.memalign
                0x00115488       0x20 C:/devkitPro/devkitARM/bin/../lib/gcc/arm-none-eabi/14.2.0/../../../../arm-none-eabi/lib/armv6k/fpu\libg.a(libc_a-malign.o)
                0x00115488                memalign
 .text.stdio_exit_handler
                0x001154a8       0x1c C:/devkitPro/devkitARM/bin/../lib/gcc/arm-none-eabi/14.2.0/../../../../arm-none-eabi/lib/armv6k/fpu\libg.a(libc_a-findfp.o)
 .text.cleanup_stdio
                0x001154c4       0x5c C:/devkitPro/devkitARM/bin/../lib/gcc/arm-none-eabi/14.2.0/../../../../arm-none-eabi/lib/armv6k/fpu\libg.a(libc_a-findfp.o)
 .text.global_stdio_init.part.0
                0x00115520      0x154 C:/devkitPro/devkitARM/bin/../lib/gcc/arm-none-eabi/14.2.0/../../../../arm-none-eabi/lib/armv6k/fpu\libg.a(libc_a-findfp.o)
 .text.__sfp    0x00115674      0x134 C:/devkitPro/devkitARM/bin/../lib/gcc/arm-none-eabi/14.2.0/../../../../arm-none-eabi/lib/armv6k/fpu\libg.a(libc_a-findfp.o)
                0x00115674                __sfp
 .text.__sinit  0x001157a8       0x5c C:/devkitPro/devkitARM/bin/../lib/gcc/arm-none-eabi/14.2.0/../../../../arm-none-eabi/lib/armv6k/fpu\libg.a(libc_a-findfp.o)
                0x001157a8                __sinit
 .text.__sfp_lock_acquire
                0x00115804        0xc C:/devkitPro/devkitARM/bin/../lib/gcc/arm-none-eabi/14.2.0/../../../../arm-none-eabi/lib/armv6k/fpu\libg.a(libc_a-findfp.o)
                0x00115804                __sfp_lock_acquire
 .text.__sfp_lock_release
                0x00115810        0xc C:/devkitPro/devkitARM/bin/../lib/gcc/arm-none-eabi/14.2.0/../../../../arm-none-eabi/lib/armv6k/fpu\libg.a(libc_a-findfp.o)
                0x00115810                __sfp_lock_release
 .text._malloc_r
                0x0011581c      0x7e8 C:/devkitPro/devkitARM/bin/../lib/gcc/arm-none-eabi/14.2.0/../../../../arm-none-eabi/lib/armv6k/fpu\libg.a(libc_a-mallocr.o)
                0x0011581c                _malloc_r
 .text._malloc_trim_r
                0x00116004       0xf8 C:/devkitPro/devkitARM/bin/../lib/gcc/arm-none-eabi/14.2.0/../../../../arm-none-eabi/lib/armv6k/fpu\libg.a(libc_a-freer.o)
                0x00116004                _malloc_trim_r
 .text._free_r  0x001160fc      0x300 C:/devkitPro/devkitARM/bin/../lib/gcc/arm-none-eabi/14.2.0/../../../../arm-none-eabi/lib/armv6k/fpu\libg.a(libc_a-freer.o)
                0x001160fc                _free_r
 .text.get_arg  0x001163fc      0x5e4 C:/devkitPro/devkitARM/bin/../lib/gcc/arm-none-eabi/14.2.0/../../../../arm-none-eabi/lib/armv6k/fpu\libg.a(libc_a-svfprintf.o)
 .text._svfprintf_r
                0x001169e0     0x335c C:/devkitPro/devkitARM/bin/../lib/gcc/arm-none-eabi/14.2.0/../../../../arm-none-eabi/lib/armv6k/fpu\libg.a(libc_a-svfprintf.o)
                0x001169e0                _svfprintf_r
 .text.setvbuf  0x00119d3c      0x294 C:/devkitPro/devkitARM/bin/../lib/gcc/arm-none-eabi/14.2.0/../../../../arm-none-eabi/lib/armv6k/fpu\libg.a(libc_a-setvbuf.o)
                0x00119d3c                setvbuf
 .text.strnlen  0x00119fd0       0x4c C:/devkitPro/devkitARM/bin/../lib/gcc/arm-none-eabi/14.2.0/../../../../arm-none-eabi/lib/armv6k/fpu\libg.a(libc_a-strnlen.o)
                0x00119fd0                strnlen
 .text.__errno  0x0011a01c        0xc C:/devkitPro/devkitARM/bin/../lib/gcc/arm-none-eabi/14.2.0/../../../../arm-none-eabi/lib/armv6k/fpu\libg.a(libc_a-errno.o)
                0x0011a01c                __errno
 .text.malloc   0x0011a028       0x34 C:/devkitPro/devkitARM/bin/../lib/gcc/arm-none-eabi/14.2.0/../../../../arm-none-eabi/lib/armv6k/fpu\libg.a(libc_a-malloc.o)
                0x0011a028                malloc
 .text.free     0x0011a05c       0x18 C:/devkitPro/devkitARM/bin/../lib/gcc/arm-none-eabi/14.2.0/../../../../arm-none-eabi/lib/armv6k/fpu\libg.a(libc_a-malloc.o)
                0x0011a05c                free
 .text.memcpy   0x0011a074      0x130 C:/devkitPro/devkitARM/bin/../lib/gcc/arm-none-eabi/14.2.0/../../../../arm-none-eabi/lib/armv6k/fpu\libg.a(libc_a-memcpy-stub.o)
                0x0011a074                memcpy
 .text.printf   0x0011a1a4       0x34 C:/devkitPro/devkitARM/bin/../lib/gcc/arm-none-eabi/14.2.0/../../../../arm-none-eabi/lib/armv6k/fpu\libg.a(libc_a-printf.o)
                0x0011a1a4                printf
 .text._fopen_r
                0x0011a1d8      0x134 C:/devkitPro/devkitARM/bin/../lib/gcc/arm-none-eabi/14.2.0/../../../../arm-none-eabi/lib/armv6k/fpu\libg.a(libc_a-fopen.o)
                0x0011a1d8                _fopen_r
 .text.fopen    0x0011a30c       0x20 C:/devkitPro/devkitARM/bin/../lib/gcc/arm-none-eabi/14.2.0/../../../../arm-none-eabi/lib/armv6k/fpu\libg.a(libc_a-fopen.o)
                0x0011a30c                fopen
 .text.time     0x0011a32c       0x4c C:/devkitPro/devkitARM/bin/../lib/gcc/arm-none-eabi/14.2.0/../../../../arm-none-eabi/lib/armv6k/fpu\libg.a(libc_a-time.o)
                0x0011a32c                time
 .text._puts_r  0x0011a378       0xe0 C:/devkitPro/devkitARM/bin/../lib/gcc/arm-none-eabi/14.2.0/../../../../arm-none-eabi/lib/armv6k/fpu\libg.a(libc_a-puts.o)
                0x0011a378                _puts_r
 .text.puts     0x0011a458       0x18 C:/devkitPro/devkitARM/bin/../lib/gcc/arm-none-eabi/14.2.0/../../../../arm-none-eabi/lib/armv6k/fpu\libg.a(libc_a-puts.o)
                0x0011a458                puts
 .text.memset   0x0011a470       0xe8 C:/devkitPro/devkitARM/bin/../lib/gcc/arm-none-eabi/14.2.0/../../../../arm-none-eabi/lib/armv6k/fpu\libg.a(libc_a-memset.o)
                0x0011a470                memset
 .text._fwalk_sglue
                0x0011a558       0x70 C:/devkitPro/devkitARM/bin/../lib/gcc/arm-none-eabi/14.2.0/../../../../arm-none-eabi/lib/armv6k/fpu\libg.a(libc_a-fwalk.o)
                0x0011a558                _fwalk_sglue
 .text.__malloc_lock
                0x0011a5c8        0xc C:/devkitPro/devkitARM/bin/../lib/gcc/arm-none-eabi/14.2.0/../../../../arm-none-eabi/lib/armv6k/fpu\libg.a(libc_a-mlock.o)
                0x0011a5c8                __malloc_lock
 .text.__malloc_unlock
                0x0011a5d4        0xc C:/devkitPro/devkitARM/bin/../lib/gcc/arm-none-eabi/14.2.0/../../../../arm-none-eabi/lib/armv6k/fpu\libg.a(libc_a-mlock.o)
                0x0011a5d4                __malloc_unlock
 .text.__call_exitprocs
                0x0011a5e0        0x4 C:/devkitPro/devkitARM/bin/../lib/gcc/arm-none-eabi/14.2.0/../../../../arm-none-eabi/lib/armv6k/fpu\libg.a(libc_a-exit.o)
                0x0011a5e0                __call_exitprocs
 .text.exit     0x0011a5e4       0x30 C:/devkitPro/devkitARM/bin/../lib/gcc/arm-none-eabi/14.2.0/../../../../arm-none-eabi/lib/armv6k/fpu\libg.a(libc_a-exit.o)
                0x0011a5e4                exit
 .text._fseek_r
                0x0011a614       0x1c C:/devkitPro/devkitARM/bin/../lib/gcc/arm-none-eabi/14.2.0/../../../../arm-none-eabi/lib/armv6k/fpu\libg.a(libc_a-fseek.o)
                0x0011a614                _fseek_r
 .text.snprintf
                0x0011a630       0xd4 C:/devkitPro/devkitARM/bin/../lib/gcc/arm-none-eabi/14.2.0/../../../../arm-none-eabi/lib/armv6k/fpu\libg.a(libc_a-snprintf.o)
                0x0011a630                snprintf
 .text.strncpy  0x0011a704       0xc4 C:/devkitPro/devkitARM/bin/../lib/gcc/arm-none-eabi/14.2.0/../../../../arm-none-eabi/lib/armv6k/fpu\libg.a(libc_a-strncpy.o)
                0x0011a704                strncpy
 .text._wcsrtombs_r
                0x0011a7c8       0x28 C:/devkitPro/devkitARM/bin/../lib/gcc/arm-none-eabi/14.2.0/../../../../arm-none-eabi/lib/armv6k/fpu\libg.a(libc_a-wcsrtombs.o)
                0x0011a7c8                _wcsrtombs_r
 .text.__sflags
                0x0011a7f0       0xb4 C:/devkitPro/devkitARM/bin/../lib/gcc/arm-none-eabi/14.2.0/../../../../arm-none-eabi/lib/armv6k/fpu\libg.a(libc_a-flags.o)
                0x0011a7f0                __sflags
 .text.__libc_init_array
                0x0011a8a4       0x84 C:/devkitPro/devkitARM/bin/../lib/gcc/arm-none-eabi/14.2.0/../../../../arm-none-eabi/lib/armv6k/fpu\libg.a(libc_a-init.o)
                0x0011a8a4                __libc_init_array
 .text.__sflush_r
                0x0011a928      0x228 C:/devkitPro/devkitARM/bin/../lib/gcc/arm-none-eabi/14.2.0/../../../../arm-none-eabi/lib/armv6k/fpu\libg.a(libc_a-fflush.o)
                0x0011a928                __sflush_r
 .text._fflush_r
                0x0011ab50       0x94 C:/devkitPro/devkitARM/bin/../lib/gcc/arm-none-eabi/14.2.0/../../../../arm-none-eabi/lib/armv6k/fpu\libg.a(libc_a-fflush.o)
                0x0011ab50                _fflush_r
 *fill*         0x0011abe4        0x4 
 .text.frexp    0x0011abe8       0x88 C:/devkitPro/devkitARM/bin/../lib/gcc/arm-none-eabi/14.2.0/../../../../arm-none-eabi/lib/armv6k/fpu\libg.a(libm_a-s_frexp.o)
                0x0011abe8                frexp
 .text.__sfvwrite_r
                0x0011ac70      0x480 C:/devkitPro/devkitARM/bin/../lib/gcc/arm-none-eabi/14.2.0/../../../../arm-none-eabi/lib/armv6k/fpu\libg.a(libc_a-fvwrite.o)
                0x0011ac70                __sfvwrite_r
 .text.__locale_mb_cur_max
                0x0011b0f0       0x24 C:/devkitPro/devkitARM/bin/../lib/gcc/arm-none-eabi/14.2.0/../../../../arm-none-eabi/lib/armv6k/fpu\libg.a(libc_a-locale.o)
                0x0011b0f0                __locale_mb_cur_max
 .text.__ssprint_r
                0x0011b114       0xa4 C:/devkitPro/devkitARM/bin/../lib/gcc/arm-none-eabi/14.2.0/../../../../arm-none-eabi/lib/armv6k/fpu\libg.a(libc_a-ssprint_r.o)
                0x0011b114                __ssprint_r
 .text._memalign_r
                0x0011b1b8      0x150 C:/devkitPro/devkitARM/bin/../lib/gcc/arm-none-eabi/14.2.0/../../../../arm-none-eabi/lib/armv6k/fpu\libg.a(libc_a-malignr.o)
                0x0011b1b8                _memalign_r
 .text.memchr   0x0011b308       0xe0 C:/devkitPro/devkitARM/bin/../lib/gcc/arm-none-eabi/14.2.0/../../../../arm-none-eabi/lib/armv6k/fpu\libg.a(libc_a-memchr-stub.o)
                0x0011b308                memchr
 .text._wcsnrtombs_l
                0x0011b3e8      0x160 C:/devkitPro/devkitARM/bin/../lib/gcc/arm-none-eabi/14.2.0/../../../../arm-none-eabi/lib/armv6k/fpu\libg.a(libc_a-wcsnrtombs.o)
                0x0011b3e8                _wcsnrtombs_l
 .text._wcsnrtombs_r
                0x0011b548       0x64 C:/devkitPro/devkitARM/bin/../lib/gcc/arm-none-eabi/14.2.0/../../../../arm-none-eabi/lib/armv6k/fpu\libg.a(libc_a-wcsnrtombs.o)
                0x0011b548                _wcsnrtombs_r
 .text.__utf8_mbtowc
                0x0011b5ac      0x324 C:/devkitPro/devkitARM/bin/../lib/gcc/arm-none-eabi/14.2.0/../../../../arm-none-eabi/lib/armv6k/fpu\libg.a(libc_a-mbtowc_r.o)
                0x0011b5ac                __utf8_mbtowc
 .text.__libc_fini_array
                0x0011b8d0       0x3c C:/devkitPro/devkitARM/bin/../lib/gcc/arm-none-eabi/14.2.0/../../../../arm-none-eabi/lib/armv6k/fpu\libg.a(libc_a-fini.o)
                0x0011b8d0                __libc_fini_array
 .text._fseeko_r
                0x0011b90c      0x58c C:/devkitPro/devkitARM/bin/../lib/gcc/arm-none-eabi/14.2.0/../../../../arm-none-eabi/lib/armv6k/fpu\libg.a(libc_a-fseeko.o)
                0x0011b90c                _fseeko_r
 .text.__sread  0x0011be98       0x44 C:/devkitPro/devkitARM/bin/../lib/gcc/arm-none-eabi/14.2.0/../../../../arm-none-eabi/lib/armv6k/fpu\libg.a(libc_a-stdio.o)
                0x0011be98                __sread
 .text.__swrite
                0x0011bedc       0x68 C:/devkitPro/devkitARM/bin/../lib/gcc/arm-none-eabi/14.2.0/../../../../arm-none-eabi/lib/armv6k/fpu\libg.a(libc_a-stdio.o)
                0x0011bedc                __swrite
 .text.__sseek  0x0011bf44       0x40 C:/devkitPro/devkitARM/bin/../lib/gcc/arm-none-eabi/14.2.0/../../../../arm-none-eabi/lib/armv6k/fpu\libg.a(libc_a-stdio.o)
                0x0011bf44                __sseek
 .text.__sclose
                0x0011bf84        0x8 C:/devkitPro/devkitARM/bin/../lib/gcc/arm-none-eabi/14.2.0/../../../../arm-none-eabi/lib/armv6k/fpu\libg.a(libc_a-stdio.o)
                0x0011bf84                __sclose
 .text._localeconv_r
                0x0011bf8c       0x24 C:/devkitPro/devkitARM/bin/../lib/gcc/arm-none-eabi/14.2.0/../../../../arm-none-eabi/lib/armv6k/fpu\libg.a(libc_a-localeconv.o)
                0x0011bf8c                _localeconv_r
 .text.get_arg  0x0011bfb0      0x5e4 C:/devkitPro/devkitARM/bin/../lib/gcc/arm-none-eabi/14.2.0/../../../../arm-none-eabi/lib/armv6k/fpu\libg.a(libc_a-vfprintf.o)
 *fill*         0x0011c594        0x4 
 .text._vfprintf_r
                0x0011c598     0x342c C:/devkitPro/devkitARM/bin/../lib/gcc/arm-none-eabi/14.2.0/../../../../arm-none-eabi/lib/armv6k/fpu\libg.a(libc_a-vfprintf.o)
                0x0011c598                _vfprintf_r
 .text.__sbprintf
                0x0011f9c4       0xb8 C:/devkitPro/devkitARM/bin/../lib/gcc/arm-none-eabi/14.2.0/../../../../arm-none-eabi/lib/armv6k/fpu\libg.a(libc_a-vfprintf.o)
 .text.quorem   0x0011fa7c      0x1b4 C:/devkitPro/devkitARM/bin/../lib/gcc/arm-none-eabi/14.2.0/../../../../arm-none-eabi/lib/armv6k/fpu\libg.a(libc_a-dtoa.o)
 .text._dtoa_r  0x0011fc30     0x1370 C:/devkitPro/devkitARM/bin/../lib/gcc/arm-none-eabi/14.2.0/../../../../arm-none-eabi/lib/armv6k/fpu\libg.a(libc_a-dtoa.o)
                0x0011fc30                _dtoa_r
 .text._wcrtomb_r
                0x00120fa0       0xa0 C:/devkitPro/devkitARM/bin/../lib/gcc/arm-none-eabi/14.2.0/../../../../arm-none-eabi/lib/armv6k/fpu\libg.a(libc_a-wcrtomb.o)
                0x00120fa0                _wcrtomb_r
 .text._realloc_r
                0x00121040      0x4a4 C:/devkitPro/devkitARM/bin/../lib/gcc/arm-none-eabi/14.2.0/../../../../arm-none-eabi/lib/armv6k/fpu\libg.a(libc_a-reallocr.o)
                0x00121040                _realloc_r
 .text.__ssputs_r
                0x001214e4      0x128 C:/devkitPro/devkitARM/bin/../lib/gcc/arm-none-eabi/14.2.0/../../../../arm-none-eabi/lib/armv6k/fpu\libg.a(libc_a-ssputs_r.o)
                0x001214e4                __ssputs_r
 .text.__utf8_wctomb
                0x0012160c       0xf0 C:/devkitPro/devkitARM/bin/../lib/gcc/arm-none-eabi/14.2.0/../../../../arm-none-eabi/lib/armv6k/fpu\libg.a(libc_a-wctomb_r.o)
                0x0012160c                __utf8_wctomb
 .text.__swsetup_r
                0x001216fc      0x194 C:/devkitPro/devkitARM/bin/../lib/gcc/arm-none-eabi/14.2.0/../../../../arm-none-eabi/lib/armv6k/fpu\libg.a(libc_a-wsetup.o)
                0x001216fc                __swsetup_r
 .text.memmove  0x00121890      0x160 C:/devkitPro/devkitARM/bin/../lib/gcc/arm-none-eabi/14.2.0/../../../../arm-none-eabi/lib/armv6k/fpu\libg.a(libc_a-memmove.o)
                0x00121890                memmove
 .text.__assert_func
                0x001219f0       0x5c C:/devkitPro/devkitARM/bin/../lib/gcc/arm-none-eabi/14.2.0/../../../../arm-none-eabi/lib/armv6k/fpu\libg.a(libc_a-assert.o)
                0x001219f0                __assert_func
 .text._Balloc  0x00121a4c       0x88 C:/devkitPro/devkitARM/bin/../lib/gcc/arm-none-eabi/14.2.0/../../../../arm-none-eabi/lib/armv6k/fpu\libg.a(libc_a-mprec.o)
                0x00121a4c                _Balloc
 .text._Bfree   0x00121ad4       0x1c C:/devkitPro/devkitARM/bin/../lib/gcc/arm-none-eabi/14.2.0/../../../../arm-none-eabi/lib/armv6k/fpu\libg.a(libc_a-mprec.o)
                0x00121ad4                _Bfree
 .text.__multadd
                0x00121af0       0xf4 C:/devkitPro/devkitARM/bin/../lib/gcc/arm-none-eabi/14.2.0/../../../../arm-none-eabi/lib/armv6k/fpu\libg.a(libc_a-mprec.o)
                0x00121af0                __multadd
 .text.__hi0bits
                0x00121be4       0x80 C:/devkitPro/devkitARM/bin/../lib/gcc/arm-none-eabi/14.2.0/../../../../arm-none-eabi/lib/armv6k/fpu\libg.a(libc_a-mprec.o)
                0x00121be4                __hi0bits
 .text.__lo0bits
                0x00121c64       0xf4 C:/devkitPro/devkitARM/bin/../lib/gcc/arm-none-eabi/14.2.0/../../../../arm-none-eabi/lib/armv6k/fpu\libg.a(libc_a-mprec.o)
                0x00121c64                __lo0bits
 .text.__i2b    0x00121d58       0xa4 C:/devkitPro/devkitARM/bin/../lib/gcc/arm-none-eabi/14.2.0/../../../../arm-none-eabi/lib/armv6k/fpu\libg.a(libc_a-mprec.o)
                0x00121d58                __i2b
 .text.__multiply
                0x00121dfc      0x208 C:/devkitPro/devkitARM/bin/../lib/gcc/arm-none-eabi/14.2.0/../../../../arm-none-eabi/lib/armv6k/fpu\libg.a(libc_a-mprec.o)
                0x00121dfc                __multiply
 .text.__pow5mult
                0x00122004      0x130 C:/devkitPro/devkitARM/bin/../lib/gcc/arm-none-eabi/14.2.0/../../../../arm-none-eabi/lib/armv6k/fpu\libg.a(libc_a-mprec.o)
                0x00122004                __pow5mult
 .text.__lshift
                0x00122134      0x138 C:/devkitPro/devkitARM/bin/../lib/gcc/arm-none-eabi/14.2.0/../../../../arm-none-eabi/lib/armv6k/fpu\libg.a(libc_a-mprec.o)
                0x00122134                __lshift
 .text.__mcmp   0x0012226c       0x58 C:/devkitPro/devkitARM/bin/../lib/gcc/arm-none-eabi/14.2.0/../../../../arm-none-eabi/lib/armv6k/fpu\libg.a(libc_a-mprec.o)
                0x0012226c                __mcmp
 .text.__mdiff  0x001222c4      0x1f0 C:/devkitPro/devkitARM/bin/../lib/gcc/arm-none-eabi/14.2.0/../../../../arm-none-eabi/lib/armv6k/fpu\libg.a(libc_a-mprec.o)
                0x001222c4                __mdiff
 .text.__d2b    0x001224b4      0x120 C:/devkitPro/devkitARM/bin/../lib/gcc/arm-none-eabi/14.2.0/../../../../arm-none-eabi/lib/armv6k/fpu\libg.a(libc_a-mprec.o)
                0x001224b4                __d2b
 .text.fiprintf
                0x001225d4       0x3c C:/devkitPro/devkitARM/bin/../lib/gcc/arm-none-eabi/14.2.0/../../../../arm-none-eabi/lib/armv6k/fpu\libg.a(libc_a-fiprintf.o)
                0x001225d4                fiprintf
 .text.__sprint_r
                0x00122610       0x30 C:/devkitPro/devkitARM/bin/../lib/gcc/arm-none-eabi/14.2.0/../../../../arm-none-eabi/lib/armv6k/fpu\libg.a(libc_a-sprint_r.o)
                0x00122610                __sprint_r
 .text.abort    0x00122640       0x14 C:/devkitPro/devkitARM/bin/../lib/gcc/arm-none-eabi/14.2.0/../../../../arm-none-eabi/lib/armv6k/fpu\libg.a(libc_a-abort.o)
                0x00122640                abort
 .text._raise_r
                0x00122654       0x90 C:/devkitPro/devkitARM/bin/../lib/gcc/arm-none-eabi/14.2.0/../../../../arm-none-eabi/lib/armv6k/fpu\libg.a(libc_a-signal.o)
                0x00122654                _raise_r
 .text.raise    0x001226e4       0x18 C:/devkitPro/devkitARM/bin/../lib/gcc/arm-none-eabi/14.2.0/../../../../arm-none-eabi/lib/armv6k/fpu\libg.a(libc_a-signal.o)
                0x001226e4                raise
 .text.get_arg  0x001226fc      0x5e4 C:/devkitPro/devkitARM/bin/../lib/gcc/arm-none-eabi/14.2.0/../../../../arm-none-eabi/lib/armv6k/fpu\libg.a(libc_a-vfiprintf.o)
 .text._vfiprintf_r
                0x00122ce0     0x2264 C:/devkitPro/devkitARM/bin/../lib/gcc/arm-none-eabi/14.2.0/../../../../arm-none-eabi/lib/armv6k/fpu\libg.a(libc_a-vfiprintf.o)
                0x00122ce0                _vfiprintf_r
 .text.__sbprintf
                0x00124f44       0xb8 C:/devkitPro/devkitARM/bin/../lib/gcc/arm-none-eabi/14.2.0/../../../../arm-none-eabi/lib/armv6k/fpu\libg.a(libc_a-vfiprintf.o)
 .text._exit    0x00124ffc       0x20 C:/devkitPro/devkitARM/bin/../lib/gcc/arm-none-eabi/14.2.0/../../../../arm-none-eabi/lib/armv6k/fpu\libsysbase.a(libsysbase_libsysbase_a-_exit.o)
                0x00124ffc                _exit
 .text.chdir    0x0012501c      0x13c C:/devkitPro/devkitARM/bin/../lib/gcc/arm-none-eabi/14.2.0/../../../../arm-none-eabi/lib/armv6k/fpu\libsysbase.a(libsysbase_libsysbase_a-chdir.o)
                0x0012501c                chdir
 .text._concatenate_path
                0x00125158      0x1cc C:/devkitPro/devkitARM/bin/../lib/gcc/arm-none-eabi/14.2.0/../../../../arm-none-eabi/lib/armv6k/fpu\libsysbase.a(libsysbase_libsysbase_a-concatenate.o)
                0x00125158                _concatenate_path
 .text._fstat_r
                0x00125324       0x88 C:/devkitPro/devkitARM/bin/../lib/gcc/arm-none-eabi/14.2.0/../../../../arm-none-eabi/lib/armv6k/fpu\libsysbase.a(libsysbase_libsysbase_a-fstat.o)
                0x00125324                _fstat_r
 .text._getpid_r
                0x001253ac       0x14 C:/devkitPro/devkitARM/bin/../lib/gcc/arm-none-eabi/14.2.0/../../../../arm-none-eabi/lib/armv6k/fpu\libsysbase.a(libsysbase_libsysbase_a-getpid.o)
                0x001253ac                _getpid_r
 .text.__getreent
                0x001253c0       0x2c C:/devkitPro/devkitARM/bin/../lib/gcc/arm-none-eabi/14.2.0/../../../../arm-none-eabi/lib/armv6k/fpu\libsysbase.a(libsysbase_libsysbase_a-getreent.o)
                0x001253c0                __getreent
 .text._gettimeofday_r
                0x001253ec       0x30 C:/devkitPro/devkitARM/bin/../lib/gcc/arm-none-eabi/14.2.0/../../../../arm-none-eabi/lib/armv6k/fpu\libsysbase.a(libsysbase_libsysbase_a-gettod.o)
                0x001253ec                _gettimeofday_r
 .text.__release_handle
                0x0012541c       0x8c C:/devkitPro/devkitARM/bin/../lib/gcc/arm-none-eabi/14.2.0/../../../../arm-none-eabi/lib/armv6k/fpu\libsysbase.a(libsysbase_libsysbase_a-handle_manager.o)
                0x0012541c                __release_handle
 .text.__alloc_handle
                0x001254a8       0xb0 C:/devkitPro/devkitARM/bin/../lib/gcc/arm-none-eabi/14.2.0/../../../../arm-none-eabi/lib/armv6k/fpu\libsysbase.a(libsysbase_libsysbase_a-handle_manager.o)
                0x001254a8                __alloc_handle
 .text.__get_handle
                0x00125558       0x3c C:/devkitPro/devkitARM/bin/../lib/gcc/arm-none-eabi/14.2.0/../../../../arm-none-eabi/lib/armv6k/fpu\libsysbase.a(libsysbase_libsysbase_a-handle_manager.o)
                0x00125558                __get_handle
 .text._close_r
                0x00125594       0xf4 C:/devkitPro/devkitARM/bin/../lib/gcc/arm-none-eabi/14.2.0/../../../../arm-none-eabi/lib/armv6k/fpu\libsysbase.a(libsysbase_libsysbase_a-handle_manager.o)
                0x00125594                _close_r
 .text.null_write
                0x00125688        0x8 C:/devkitPro/devkitARM/bin/../lib/gcc/arm-none-eabi/14.2.0/../../../../arm-none-eabi/lib/armv6k/fpu\libsysbase.a(libsysbase_libsysbase_a-iosupport.o)
 .text.setDefaultDevice
                0x00125690       0x18 C:/devkitPro/devkitARM/bin/../lib/gcc/arm-none-eabi/14.2.0/../../../../arm-none-eabi/lib/armv6k/fpu\libsysbase.a(libsysbase_libsysbase_a-iosupport.o)
                0x00125690                setDefaultDevice
 .text.FindDevice
                0x001256a8       0xc8 C:/devkitPro/devkitARM/bin/../lib/gcc/arm-none-eabi/14.2.0/../../../../arm-none-eabi/lib/armv6k/fpu\libsysbase.a(libsysbase_libsysbase_a-iosupport.o)
                0x001256a8                FindDevice
 .text.RemoveDevice
                0x00125770       0x28 C:/devkitPro/devkitARM/bin/../lib/gcc/arm-none-eabi/14.2.0/../../../../arm-none-eabi/lib/armv6k/fpu\libsysbase.a(libsysbase_libsysbase_a-iosupport.o)
                0x00125770                RemoveDevice
 .text.AddDevice
                0x00125798       0x98 C:/devkitPro/devkitARM/bin/../lib/gcc/arm-none-eabi/14.2.0/../../../../arm-none-eabi/lib/armv6k/fpu\libsysbase.a(libsysbase_libsysbase_a-iosupport.o)
                0x00125798                AddDevice
 .text.GetDeviceOpTab
                0x00125830       0x20 C:/devkitPro/devkitARM/bin/../lib/gcc/arm-none-eabi/14.2.0/../../../../arm-none-eabi/lib/armv6k/fpu\libsysbase.a(libsysbase_libsysbase_a-iosupport.o)
                0x00125830                GetDeviceOpTab
 .text._isatty_r
                0x00125850        0x8 C:/devkitPro/devkitARM/bin/../lib/gcc/arm-none-eabi/14.2.0/../../../../arm-none-eabi/lib/armv6k/fpu\libsysbase.a(libsysbase_libsysbase_a-isatty.o)
                0x00125850                _isatty_r